============================= test session starts =============================
collecting ... collected 1034 items

tests/test_dashboard.py::test_dashboard_initial_state PASSED             [  0%]
tests/test_dashboard.py::test_dashboard_update PASSED                    [  0%]
tests/test_dashboard.py::test_add_decision PASSED                        [  0%]
tests/test_dashboard.py::test_update_decision_result PASSED              [  0%]
tests/test_dashboard.py::test_decisions_limit PASSED                     [  0%]
tests/test_direction_logic.py::test_bullish_yields_yes_direction PASSED  [  0%]
tests/test_direction_logic.py::test_bearish_yields_no_direction PASSED   [  0%]
tests/test_direction_logic.py::test_neutral_no_signal PASSED             [  0%]
tests/test_direction_logic.py::test_no_signal_entry_price_is_no_price PASSED [  0%]
tests/test_direction_logic.py::test_yes_signal_market_price_is_yes_price PASSED [  0%]
tests/test_drift_monitoring.py::TestMetricExtraction::test_rejection_metrics_all_execute PASSED [  1%]
tests/test_drift_monitoring.py::TestMetricExtraction::test_rejection_metrics_mixed PASSED [  1%]
tests/test_drift_monitoring.py::TestMetricExtraction::test_rejection_metrics_empty_window PASSED [  1%]
tests/test_drift_monitoring.py::TestMetricExtraction::test_ev_metrics_from_executes PASSED [  1%]
tests/test_drift_monitoring.py::TestMetricExtraction::test_ev_metrics_none_when_all_reject PASSED [  1%]
tests/test_drift_monitoring.py::TestMetricExtraction::test_group_by_profile PASSED [  1%]
tests/test_drift_monitoring.py::TestDriftMonitor::test_zero_delta_when_baseline_equals_current PASSED [  1%]
tests/test_drift_monitoring.py::TestDriftMonitor::test_positive_delta_when_rejection_increases PASSED [  1%]
tests/test_drift_monitoring.py::TestDriftMonitor::test_negative_delta_when_rejection_decreases PASSED [  1%]
tests/test_drift_monitoring.py::TestDriftMonitor::test_profiles_checked_matches_constructor PASSED [  1%]
tests/test_drift_monitoring.py::TestDriftMonitor::test_ev_mean_delta_zero_when_identical PASSED [  2%]
tests/test_drift_monitoring.py::TestDriftMonitor::test_baseline_window_size_reported PASSED [  2%]
tests/test_drift_monitoring.py::TestDriftMonitor::test_drift_monitor_requires_nonempty_baseline PASSED [  2%]
tests/test_drift_monitoring.py::TestDriftMonitor::test_multi_profile_report PASSED [  2%]
tests/test_drift_monitoring.py::TestAlertEngine::test_no_alerts_within_threshold PASSED [  2%]
tests/test_drift_monitoring.py::TestAlertEngine::test_warning_on_15pp_rejection_increase PASSED [  2%]
tests/test_drift_monitoring.py::TestAlertEngine::test_critical_on_30pp_rejection_increase PASSED [  2%]
tests/test_drift_monitoring.py::TestAlertEngine::test_suppressed_when_window_too_small PASSED [  2%]
tests/test_drift_monitoring.py::TestAlertEngine::test_alert_carries_correct_delta PASSED [  2%]
tests/test_drift_monitoring.py::TestAlertEngine::test_custom_alert_config PASSED [  2%]
tests/test_execution_path.py::test_simulate_yes_order PASSED             [  2%]
tests/test_execution_path.py::test_simulate_no_order PASSED              [  3%]
tests/test_execution_path.py::test_yes_unrealized_pnl_math PASSED        [  3%]
tests/test_execution_path.py::test_no_unrealized_pnl_math PASSED         [  3%]
tests/test_execution_path.py::test_close_no_double_count PASSED          [  3%]
tests/test_execution_path.py::test_full_sim_execution_chain PASSED       [  3%]
tests/test_integration.py::test_bitstamp_live SKIPPED (Network erisi...) [  3%]
tests/test_integration.py::test_smart_trader_refresh PASSED              [  3%]
tests/test_integration.py::test_smart_trader_signal_logic PASSED         [  3%]
tests/test_integration.py::test_arbitrage_engine_with_smart_trader PASSED [  3%]
tests/test_journal_integrity.py::TestInMemoryJournal::test_write_read_roundtrip PASSED [  3%]
tests/test_journal_integrity.py::TestInMemoryJournal::test_record_count PASSED [  4%]
tests/test_journal_integrity.py::TestInMemoryJournal::test_policy_profile_survives_roundtrip PASSED [  4%]
tests/test_journal_integrity.py::TestInMemoryJournal::test_run_id_survives_roundtrip PASSED [  4%]
tests/test_journal_integrity.py::TestInMemoryJournal::test_signal_fields_survive_roundtrip PASSED [  4%]
tests/test_journal_integrity.py::TestInMemoryJournal::test_pricing_fields_survive_roundtrip PASSED [  4%]
tests/test_journal_integrity.py::TestInMemoryJournal::test_decision_fields_survive_roundtrip PASSED [  4%]
tests/test_journal_integrity.py::TestInMemoryJournal::test_none_optional_fields_survive PASSED [  4%]
tests/test_journal_integrity.py::TestInMemoryJournal::test_datetime_is_timezone_aware_after_roundtrip PASSED [  4%]
tests/test_journal_integrity.py::TestInMemoryJournal::test_to_jsonl_is_one_line_per_record PASSED [  4%]
tests/test_journal_integrity.py::TestInMemoryJournal::test_schema_version_in_every_record PASSED [  4%]
tests/test_journal_integrity.py::TestFileJournal::test_file_roundtrip PASSED [  5%]
tests/test_journal_integrity.py::TestFileJournal::test_file_append_mode PASSED [  5%]
tests/test_journal_integrity.py::TestFileJournal::test_read_by_profile PASSED [  5%]
tests/test_journal_integrity.py::TestFileJournal::test_read_by_run_id PASSED [  5%]
tests/test_journal_integrity.py::TestJournalRobustness::test_malformed_json_line_skipped PASSED [  5%]
tests/test_journal_integrity.py::TestJournalRobustness::test_unknown_schema_version_skipped PASSED [  5%]
tests/test_journal_integrity.py::TestJournalRobustness::test_blank_lines_skipped PASSED [  5%]
tests/test_kelly.py::test_positive_edge PASSED                           [  5%]
tests/test_kelly.py::test_zero_edge PASSED                               [  5%]
tests/test_kelly.py::test_negative_edge PASSED                           [  5%]
tests/test_kelly.py::test_max_position_cap PASSED                        [  5%]
tests/test_kelly.py::test_should_enter PASSED                            [  6%]
tests/test_live_pilot_readiness.py::TestBlockerNoGo::test_execution_rate_blocker PASSED [  6%]
tests/test_live_pilot_readiness.py::TestBlockerNoGo::test_ev_haircut_blocker PASSED [  6%]
tests/test_live_pilot_readiness.py::TestBlockerNoGo::test_underround_rate_blocker PASSED [  6%]
tests/test_live_pilot_readiness.py::TestBlockerNoGo::test_profile_divergence_blocker PASSED [  6%]
tests/test_live_pilot_readiness.py::TestBlockerNoGo::test_blockers_listed_in_report PASSED [  6%]
tests/test_live_pilot_readiness.py::TestMultipleFailsNoGo::test_two_fails_produce_no_go PASSED [  6%]
tests/test_live_pilot_readiness.py::TestMultipleFailsNoGo::test_single_fail_produces_conditional PASSED [  6%]
tests/test_live_pilot_readiness.py::TestPaperLooseOptimism::test_high_loose_divergence_produces_fail PASSED [  6%]
tests/test_live_pilot_readiness.py::TestPaperLooseOptimism::test_moderate_loose_divergence_produces_warn PASSED [  6%]
tests/test_live_pilot_readiness.py::TestPaperLooseOptimism::test_aligned_profiles_produce_green PASSED [  7%]
tests/test_live_pilot_readiness.py::TestGoVerdict::test_clean_metrics_produce_go_or_conditional PASSED [  7%]
tests/test_live_pilot_readiness.py::TestGoVerdict::test_go_report_includes_pilot_constraints PASSED [  7%]
tests/test_live_pilot_readiness.py::TestGoVerdict::test_pilot_constraints_always_present PASSED [  7%]
tests/test_live_pilot_readiness.py::TestFormatting::test_format_report_non_empty PASSED [  7%]
tests/test_live_pilot_readiness.py::TestFormatting::test_format_report_contains_verdict PASSED [  7%]
tests/test_live_pilot_readiness.py::TestFormatting::test_format_go_includes_constraints PASSED [  7%]
tests/test_live_pilot_readiness.py::TestFormatting::test_insufficient_evidence_no_go_message PASSED [  7%]
tests/test_phase13_integration.py::TestScenario1HappyPath::test_full_pipeline_produces_3_records PASSED [  7%]
tests/test_phase13_integration.py::TestScenario1HappyPath::test_all_records_replay_consistently PASSED [  7%]
tests/test_phase13_integration.py::TestScenario1HappyPath::test_stable_baseline_produces_no_alerts PASSED [  8%]
tests/test_phase13_integration.py::TestScenario2CalibrationDeterioration::test_weak_cal_rejection_spike_detected PASSED [  8%]
tests/test_phase13_integration.py::TestScenario3StalePricing::test_stale_pricing_rejection_detected PASSED [  8%]
tests/test_phase13_integration.py::TestScenario4ObservationZone::test_loose_only_execute_in_report PASSED [  8%]
tests/test_phase13_integration.py::TestScenario5JournalPersistence::test_file_journal_full_roundtrip PASSED [  8%]
tests/test_phase13_integration.py::TestScenario6BatchDriftMonitoring::test_batch_drift_detected PASSED [  8%]
tests/test_position_accounting.py::test_breakeven_close_no_double_count PASSED [  8%]
tests/test_position_accounting.py::test_yes_win_capital_correct PASSED   [  8%]
tests/test_position_accounting.py::test_yes_loss_capital_correct PASSED  [  8%]
tests/test_position_accounting.py::test_no_win_capital_correct PASSED    [  8%]
tests/test_position_accounting.py::test_no_loss_capital_correct PASSED   [  8%]
tests/test_position_accounting.py::test_unrealized_does_not_affect_capital PASSED [  9%]
tests/test_position_accounting.py::test_direction_token_mapping PASSED   [  9%]
tests/test_position_accounting.py::test_multiple_positions_capital_integrity PASSED [  9%]
tests/test_position_manager.py::test_initial_capital PASSED              [  9%]
tests/test_position_manager.py::test_available_capital_no_positions PASSED [  9%]
tests/test_position_manager.py::test_add_position_reduces_capital PASSED [  9%]
tests/test_position_manager.py::test_has_position PASSED                 [  9%]
tests/test_position_manager.py::test_open_position_count PASSED          [  9%]
tests/test_position_manager.py::test_daily_stop_loss_not_triggered PASSED [  9%]
tests/test_position_manager.py::test_daily_stop_loss_triggered PASSED    [  9%]
tests/test_position_manager.py::test_daily_stop_loss_resets_on_new_day PASSED [ 10%]
tests/test_profile_divergence_thresholds.py::TestCheckProfileDivergence::test_no_divergence_green PASSED [ 10%]
tests/test_profile_divergence_thresholds.py::TestCheckProfileDivergence::test_moderate_divergence_warn PASSED [ 10%]
tests/test_profile_divergence_thresholds.py::TestCheckProfileDivergence::test_high_divergence_fail PASSED [ 10%]
tests/test_profile_divergence_thresholds.py::TestCheckProfileDivergence::test_extreme_divergence_blocker PASSED [ 10%]
tests/test_profile_divergence_thresholds.py::TestCheckProfileDivergence::test_missing_live_rate_warns PASSED [ 10%]
tests/test_profile_divergence_thresholds.py::TestCheckProfileDivergence::test_missing_loose_rate_warns PASSED [ 10%]
tests/test_profile_divergence_thresholds.py::TestCheckProfileDivergence::test_metric_value_is_absolute_difference PASSED [ 10%]
tests/test_profile_divergence_thresholds.py::TestRealPipelineDivergence::test_weak_cal_executes_in_loose_not_strict PASSED [ 10%]
tests/test_profile_divergence_thresholds.py::TestRealPipelineDivergence::test_live_paper_strict_close_for_strong_signals PASSED [ 10%]
tests/test_profile_divergence_thresholds.py::TestRealPipelineDivergence::test_three_profile_execution_rate_ordering PASSED [ 11%]
tests/test_profile_divergence_thresholds.py::TestRealPipelineDivergence::test_rejection_concentration_dominated_by_weak_cal PASSED [ 11%]
tests/test_profile_divergence_thresholds.py::TestSummaryMetricsProfileIsolation::test_compute_metrics_filters_by_profile PASSED [ 11%]
tests/test_profile_divergence_thresholds.py::TestSummaryMetricsProfileIsolation::test_unknown_profile_returns_empty_metrics PASSED [ 11%]
tests/test_rejection_analytics.py::TestPerProfileSummary::test_execution_rate_all_execute PASSED [ 11%]
tests/test_rejection_analytics.py::TestPerProfileSummary::test_execution_rate_all_reject PASSED [ 11%]
tests/test_rejection_analytics.py::TestPerProfileSummary::test_rejection_reasons_counted PASSED [ 11%]
tests/test_rejection_analytics.py::TestPerProfileSummary::test_ev_stats_computed_for_executes PASSED [ 11%]
tests/test_rejection_analytics.py::TestPerProfileSummary::test_sanity_note_count PASSED [ 11%]
tests/test_rejection_analytics.py::TestCrossProfileDivergence::test_agreement_plus_divergence_equals_1 PASSED [ 11%]
tests/test_rejection_analytics.py::TestCrossProfileDivergence::test_full_agreement_divergence_zero PASSED [ 11%]
tests/test_rejection_analytics.py::TestCrossProfileDivergence::test_single_profile_no_cross_comparison PASSED [ 12%]
tests/test_rejection_analytics.py::TestDivergenceCounts::test_loose_only_execute_detected PASSED [ 12%]
tests/test_rejection_analytics.py::TestDivergenceCounts::test_strict_not_live_detected PASSED [ 12%]
tests/test_rejection_analytics.py::TestDivergenceCounts::test_both_execute_not_counted_as_divergent PASSED [ 12%]
tests/test_rejection_analytics.py::TestReportFormatting::test_format_report_non_empty PASSED [ 12%]
tests/test_rejection_analytics.py::TestReportFormatting::test_format_report_contains_profile_names PASSED [ 12%]
tests/test_rejection_analytics.py::TestReportFormatting::test_format_report_warns_loose_only PASSED [ 12%]
tests/test_rejection_analytics.py::TestReportFormatting::test_empty_records_produces_empty_report PASSED [ 12%]
tests/test_replay_consistency.py::TestExecuteReplay::test_live_execute_replays_correctly PASSED [ 12%]
tests/test_replay_consistency.py::TestExecuteReplay::test_paper_strict_execute_replays_correctly PASSED [ 12%]
tests/test_replay_consistency.py::TestExecuteReplay::test_paper_loose_execute_replays_correctly PASSED [ 13%]
tests/test_replay_consistency.py::TestRejectReplay::test_weak_cal_reject_replays_correctly PASSED [ 13%]
tests/test_replay_consistency.py::TestRejectReplay::test_suspicious_underround_reject_replays PASSED [ 13%]
tests/test_replay_consistency.py::TestRejectReplay::test_stale_pricing_reject_replays PASSED [ 13%]
tests/test_replay_consistency.py::TestReplayMechanics::test_unknown_profile_returns_mismatch PASSED [ 13%]
tests/test_replay_consistency.py::TestReplayMechanics::test_batch_replay_all_match PASSED [ 13%]
tests/test_replay_consistency.py::TestReplayMechanics::test_assert_replay_consistency_passes_for_clean_records PASSED [ 13%]
tests/test_replay_consistency.py::TestReplayMechanics::test_replay_result_carries_original_decision PASSED [ 13%]
tests/test_replay_consistency.py::TestReplayMechanics::test_snapshot_age_reproduces_staleness PASSED [ 13%]
tests/test_shadow_acceptance_metrics.py::TestHealthyScenarioMetrics::test_healthy_metrics_execute_count_positive PASSED [ 13%]
tests/test_shadow_acceptance_metrics.py::TestHealthyScenarioMetrics::test_healthy_execution_rate_in_range PASSED [ 14%]
tests/test_shadow_acceptance_metrics.py::TestHealthyScenarioMetrics::test_ev_haircut_non_negative_for_executes PASSED [ 14%]
tests/test_shadow_acceptance_metrics.py::TestRejectionComposition::test_weak_cal_dominated_rejection PASSED [ 14%]
tests/test_shadow_acceptance_metrics.py::TestRejectionComposition::test_stale_pricing_captured_in_rejection_reasons PASSED [ 14%]
tests/test_shadow_acceptance_metrics.py::TestRejectionComposition::test_rejection_rates_sum_at_most_1 PASSED [ 14%]
tests/test_shadow_acceptance_metrics.py::TestPricingSanityMetrics::test_underround_captured PASSED [ 14%]
tests/test_shadow_acceptance_metrics.py::TestPricingSanityMetrics::test_stale_rate_computed_correctly PASSED [ 14%]
tests/test_shadow_acceptance_metrics.py::TestFillabilityMetrics::test_partial_fill_rejected_counted_in_live PASSED [ 14%]
tests/test_shadow_acceptance_metrics.py::TestFillabilityMetrics::test_full_fill_executes_counted PASSED [ 14%]
tests/test_shadow_acceptance_metrics.py::TestEVRealismMetrics::test_ev_metrics_none_when_no_executes PASSED [ 14%]
tests/test_shadow_acceptance_metrics.py::TestEVRealismMetrics::test_ev_haircut_pct_in_range PASSED [ 14%]
tests/test_shadow_acceptance_metrics.py::TestEVRealismMetrics::test_coverage_fields_populated PASSED [ 15%]
tests/test_shadow_acceptance_metrics.py::TestRegimeReview::test_insufficient_records_returns_unstable PASSED [ 15%]
tests/test_shadow_acceptance_metrics.py::TestRegimeReview::test_stable_corpus_has_no_flags PASSED [ 15%]
tests/test_shadow_acceptance_metrics.py::TestRegimeReview::test_rolling_snapshots_have_correct_window_size PASSED [ 15%]
tests/test_shadow_acceptance_metrics.py::TestRegimeReview::test_regime_review_returns_summary_string PASSED [ 15%]
tests/test_shadow_runner_flow.py::TestShadowRunnerBasicFlow::test_three_profiles_three_records PASSED [ 15%]
tests/test_shadow_runner_flow.py::TestShadowRunnerBasicFlow::test_records_carry_correct_profile PASSED [ 15%]
tests/test_shadow_runner_flow.py::TestShadowRunnerBasicFlow::test_record_order_matches_config_order PASSED [ 15%]
tests/test_shadow_runner_flow.py::TestShadowRunnerBasicFlow::test_run_id_consistent_across_records PASSED [ 15%]
tests/test_shadow_runner_flow.py::TestShadowRunnerBasicFlow::test_intended_size_stored_in_record PASSED [ 15%]
tests/test_shadow_runner_flow.py::TestShadowRunnerBasicFlow::test_now_utc_stored_as_ts_recorded PASSED [ 16%]
tests/test_shadow_runner_flow.py::TestShadowRunnerDecisionCorrectness::test_live_execute_on_healthy_signal PASSED [ 16%]
tests/test_shadow_runner_flow.py::TestShadowRunnerDecisionCorrectness::test_reject_carries_rejection_reason PASSED [ 16%]
tests/test_shadow_runner_flow.py::TestShadowRunnerDecisionCorrectness::test_profile_divergence_on_borderline_signal PASSED [ 16%]
tests/test_shadow_runner_flow.py::TestBatchEvaluation::test_batch_returns_candidates_times_profiles PASSED [ 16%]
tests/test_shadow_runner_flow.py::TestBatchEvaluation::test_batch_profiles_interleaved_correctly PASSED [ 16%]
tests/test_shadow_runner_flow.py::TestSnapshotExtraction::test_signal_fields_preserved PASSED [ 16%]
tests/test_shadow_runner_flow.py::TestSnapshotExtraction::test_pricing_fields_preserved PASSED [ 16%]
tests/test_shadow_runner_flow.py::TestSnapshotExtraction::test_ev_fields_in_decision_summary PASSED [ 16%]
tests/test_shadow_runner_flow.py::TestConstructorValidation::test_empty_configs_raises PASSED [ 16%]
tests/test_shadow_runner_flow.py::TestConstructorValidation::test_single_config_works PASSED [ 17%]
tests/test_shadow_validation_gate.py::TestInsufficientEvidence::test_empty_corpus_is_insufficient PASSED [ 17%]
tests/test_shadow_validation_gate.py::TestInsufficientEvidence::test_too_few_evaluated_decisions PASSED [ 17%]
tests/test_shadow_validation_gate.py::TestInsufficientEvidence::test_insufficient_executes_gap_present PASSED [ 17%]
tests/test_shadow_validation_gate.py::TestInsufficientEvidence::test_insufficient_observation_days PASSED [ 17%]
tests/test_shadow_validation_gate.py::TestInsufficientEvidence::test_gaps_carry_human_readable_messages PASSED [ 17%]
tests/test_shadow_validation_gate.py::TestInsufficientEvidence::test_readiness_with_insufficient_evidence_is_no_go PASSED [ 17%]
tests/test_shadow_validation_gate.py::TestSufficientEvidence::test_sufficient_corpus_returns_sufficient PASSED [ 17%]
tests/test_shadow_validation_gate.py::TestSufficientEvidence::test_sufficient_result_carries_correct_counts PASSED [ 17%]
tests/test_shadow_validation_gate.py::TestSufficientEvidence::test_assets_and_horizons_reported PASSED [ 17%]
tests/test_shadow_validation_gate.py::TestSufficientEvidence::test_observation_days_positive PASSED [ 17%]
tests/test_shadow_validation_gate.py::TestCustomRequirements::test_relaxed_requirements_pass_small_corpus PASSED [ 18%]
tests/test_shadow_validation_gate.py::TestCustomRequirements::test_strict_requirements_fail_medium_corpus PASSED [ 18%]
tests/test_shadow_validation_gate.py::TestCustomRequirements::test_requirements_used_preserved_in_result PASSED [ 18%]
tests/test_signal_agent.py::test_parse_clean_json PASSED                 [ 18%]
tests/test_signal_agent.py::test_parse_json_in_codeblock PASSED          [ 18%]
tests/test_signal_agent.py::test_parse_json_with_preamble PASSED         [ 18%]
tests/test_signal_agent.py::test_parse_invalid_probability_zero PASSED   [ 18%]
tests/test_signal_agent.py::test_parse_invalid_probability_one PASSED    [ 18%]
tests/test_signal_agent.py::test_parse_garbage PASSED                    [ 18%]
tests/test_signal_agent.py::test_parse_missing_probability PASSED        [ 18%]
tests/test_torture_agent.py::test_parse_valid_json PASSED                [ 19%]
tests/test_torture_agent.py::test_parse_json_with_nested_content PASSED  [ 19%]
tests/test_torture_agent.py::test_parse_invalid_json PASSED              [ 19%]
tests/test_torture_agent.py::test_build_prompt PASSED                    [ 19%]
calibration/tests/test_audit_breakdown.py::TestOutputContractFields::test_all_audit_fields_exist_on_trade_decision PASSED [ 19%]
calibration/tests/test_audit_breakdown.py::TestOutputContractFields::test_all_core_fields_exist_on_trade_decision PASSED [ 19%]
calibration/tests/test_audit_breakdown.py::TestOutputContractFields::test_final_gate_metric_default_is_executable_ev PASSED [ 19%]
calibration/tests/test_audit_breakdown.py::TestOutputContractFields::test_passes_final_gate_default_is_false PASSED [ 19%]
calibration/tests/test_audit_breakdown.py::TestOutputContractFields::test_policy_mode_default_is_unknown PASSED [ 19%]
calibration/tests/test_audit_breakdown.py::TestOutputContractFields::test_intended_size_usdc_used_default_is_20 PASSED [ 19%]
calibration/tests/test_audit_breakdown.py::TestCalibrationConfigMode::test_calibration_config_has_mode_field PASSED [ 20%]
calibration/tests/test_audit_breakdown.py::TestCalibrationConfigMode::test_default_cal_config_mode_is_default PASSED [ 20%]
calibration/tests/test_audit_breakdown.py::TestCalibrationConfigMode::test_paper_cal_config_mode_is_paper PASSED [ 20%]
calibration/tests/test_audit_breakdown.py::TestCalibrationConfigMode::test_live_cal_config_mode_is_live PASSED [ 20%]
calibration/tests/test_audit_breakdown.py::TestAuditFieldValuesOnExecute::test_execute_passes_final_gate_true PASSED [ 20%]
calibration/tests/test_audit_breakdown.py::TestAuditFieldValuesOnExecute::test_execute_final_gate_metric_is_executable_ev PASSED [ 20%]
calibration/tests/test_audit_breakdown.py::TestAuditFieldValuesOnExecute::test_execute_final_gate_threshold_matches_config PASSED [ 20%]
calibration/tests/test_audit_breakdown.py::TestAuditFieldValuesOnExecute::test_execute_theoretical_hold_ev_is_positive PASSED [ 20%]
calibration/tests/test_audit_breakdown.py::TestAuditFieldValuesOnExecute::test_execute_net_ev_less_than_theoretical PASSED [ 20%]
calibration/tests/test_audit_breakdown.py::TestAuditFieldValuesOnExecute::test_execute_policy_mode_is_paper PASSED [ 20%]
calibration/tests/test_audit_breakdown.py::TestAuditFieldValuesOnExecute::test_execute_intended_size_used_is_20 PASSED [ 20%]
calibration/tests/test_audit_breakdown.py::TestAuditFieldValuesOnExecute::test_execute_edge_estimate_and_breakdown_non_none PASSED [ 21%]
calibration/tests/test_audit_breakdown.py::TestAuditFieldValuesOnReject::test_negative_edge_reject_passes_final_gate_false PASSED [ 21%]
calibration/tests/test_audit_breakdown.py::TestAuditFieldValuesOnReject::test_high_spread_reject_passes_final_gate_false PASSED [ 21%]
calibration/tests/test_audit_breakdown.py::TestAuditFieldValuesOnReject::test_stale_pricing_reject_ev_fields_none PASSED [ 21%]
calibration/tests/test_audit_breakdown.py::TestAuditFieldValuesOnReject::test_low_liquidity_reject_ev_fields_none PASSED [ 21%]
calibration/tests/test_audit_breakdown.py::TestAuditFieldValuesOnReject::test_all_rejects_have_final_gate_metric PASSED [ 21%]
calibration/tests/test_audit_breakdown.py::TestBreakdownConsistency::test_breakdown_consistent_between_decision_and_edge PASSED [ 21%]
calibration/tests/test_audit_breakdown.py::TestBreakdownConsistency::test_theoretical_hold_ev_matches_breakdown_field PASSED [ 21%]
calibration/tests/test_audit_breakdown.py::TestBreakdownConsistency::test_net_ev_after_fee_matches_edge_estimate PASSED [ 21%]
calibration/tests/test_binary_market_sanity.py::TestAskSideSanity::test_ask_sum_exact_live_min_passes PASSED [ 21%]
calibration/tests/test_binary_market_sanity.py::TestAskSideSanity::test_ask_sum_just_below_live_min_fails PASSED [ 22%]
calibration/tests/test_binary_market_sanity.py::TestAskSideSanity::test_ask_sum_above_paper_strict_min_passes PASSED [ 22%]
calibration/tests/test_binary_market_sanity.py::TestAskSideSanity::test_ask_sum_exact_paper_loose_min_passes PASSED [ 22%]
calibration/tests/test_binary_market_sanity.py::TestAskSideSanity::test_ask_sum_just_below_paper_loose_min_triggers_loose PASSED [ 22%]
calibration/tests/test_binary_market_sanity.py::TestAskSideSanity::test_max_ask_sum_at_live_max_passes PASSED [ 22%]
calibration/tests/test_binary_market_sanity.py::TestAskSideSanity::test_ask_sum_above_live_max_triggers PASSED [ 22%]
calibration/tests/test_binary_market_sanity.py::TestAskSideSanity::test_ask_sum_above_live_max_passes_paper_strict PASSED [ 22%]
calibration/tests/test_binary_market_sanity.py::TestAskSideSanity::test_ask_sum_above_paper_strict_max_triggers_strict PASSED [ 22%]
calibration/tests/test_binary_market_sanity.py::TestAskSideSanity::test_return_value_format_for_violation PASSED [ 22%]
calibration/tests/test_binary_market_sanity.py::TestBidSideSanity::test_bid_sum_exactly_live_max_passes PASSED [ 22%]
calibration/tests/test_binary_market_sanity.py::TestBidSideSanity::test_bid_sum_just_above_live_max_triggers PASSED [ 23%]
calibration/tests/test_binary_market_sanity.py::TestBidSideSanity::test_bid_sum_above_1_passes_paper_loose_because_not_checked PASSED [ 23%]
calibration/tests/test_binary_market_sanity.py::TestBidSideSanity::test_bid_sum_constants_live_and_strict_are_same PASSED [ 23%]
calibration/tests/test_binary_market_sanity.py::TestOneSidedQuotePath::test_very_low_ask_yes_triggers_live PASSED [ 23%]
calibration/tests/test_binary_market_sanity.py::TestOneSidedQuotePath::test_very_low_ask_no_triggers_live PASSED [ 23%]
calibration/tests/test_binary_market_sanity.py::TestOneSidedQuotePath::test_low_ask_0_04_triggers_paper_strict PASSED [ 23%]
calibration/tests/test_binary_market_sanity.py::TestOneSidedQuotePath::test_low_ask_0_04_passes_paper_strict PASSED [ 23%]
calibration/tests/test_binary_market_sanity.py::TestOneSidedQuotePath::test_individual_ask_not_checked_in_paper_loose PASSED [ 23%]
calibration/tests/test_binary_market_sanity.py::TestOneSidedQuotePath::test_single_ask_constants_live_stricter_than_strict PASSED [ 23%]
calibration/tests/test_binary_market_sanity.py::TestExplicitConfigOverride::test_explicit_min_ask_sum_overrides_mode_default PASSED [ 23%]
calibration/tests/test_binary_market_sanity.py::TestExplicitConfigOverride::test_explicit_max_ask_sum_overrides_mode_default PASSED [ 23%]
calibration/tests/test_calibration.py::TestIdentityCalibrator::test_transform_returns_raw_score PASSED [ 24%]
calibration/tests/test_calibration.py::TestIdentityCalibrator::test_transform_does_not_clip PASSED [ 24%]
calibration/tests/test_calibration.py::TestIdentityCalibrator::test_quality_is_unknown PASSED [ 24%]
calibration/tests/test_calibration.py::TestIdentityCalibrator::test_fit_is_noop PASSED [ 24%]
calibration/tests/test_calibration.py::TestIdentityCalibrator::test_diagnostics_have_no_metrics PASSED [ 24%]
calibration/tests/test_calibration.py::TestIdentityCalibrator::test_raw_confidence_is_not_same_as_calibrated_probability PASSED [ 24%]
calibration/tests/test_calibration.py::TestPlattCalibrator::test_fit_transform_reasonable PASSED [ 24%]
calibration/tests/test_calibration.py::TestPlattCalibrator::test_transform_before_fit_raises PASSED [ 24%]
calibration/tests/test_calibration.py::TestPlattCalibrator::test_fit_requires_data PASSED [ 24%]
calibration/tests/test_calibration.py::TestPlattCalibrator::test_diagnostics_after_fit PASSED [ 24%]
calibration/tests/test_calibration.py::TestPlattCalibrator::test_platt_differs_from_identity_after_fit PASSED [ 25%]
calibration/tests/test_calibration.py::TestPlattCalibrator::test_get_calibrator_factory PASSED [ 25%]
calibration/tests/test_calibration.py::TestPlattCalibrator::test_get_calibrator_identity PASSED [ 25%]
calibration/tests/test_calibration.py::TestPlattCalibrator::test_get_calibrator_unknown_raises PASSED [ 25%]
calibration/tests/test_calibration.py::TestDiagnosticFunctions::test_brier_score_perfect PASSED [ 25%]
calibration/tests/test_calibration.py::TestDiagnosticFunctions::test_brier_score_worst PASSED [ 25%]
calibration/tests/test_calibration.py::TestDiagnosticFunctions::test_brier_score_random PASSED [ 25%]
calibration/tests/test_calibration.py::TestDiagnosticFunctions::test_log_loss_reasonable PASSED [ 25%]
calibration/tests/test_calibration.py::TestDiagnosticFunctions::test_ece_perfect_calibration PASSED [ 25%]
calibration/tests/test_calibration.py::TestProbabilityMapper::test_up_normal_effective_yes_is_up_prob PASSED [ 25%]
calibration/tests/test_calibration.py::TestProbabilityMapper::test_up_normal_effective_no_is_down_prob PASSED [ 26%]
calibration/tests/test_calibration.py::TestProbabilityMapper::test_down_normal_effective_yes_is_up_prob PASSED [ 26%]
calibration/tests/test_calibration.py::TestProbabilityMapper::test_up_inverted_effective_yes_is_down_prob PASSED [ 26%]
calibration/tests/test_calibration.py::TestProbabilityMapper::test_down_inverted_effective_yes_is_down_prob PASSED [ 26%]
calibration/tests/test_calibration.py::TestProbabilityMapper::test_no_trade_signal_rejected PASSED [ 26%]
calibration/tests/test_calibration.py::TestProbabilityMapper::test_ambiguous_polarity_rejected PASSED [ 26%]
calibration/tests/test_calibration.py::TestProbabilityMapper::test_unknown_polarity_rejected PASSED [ 26%]
calibration/tests/test_calibration.py::TestProbabilityMapper::test_inconsistent_probabilities_rejected PASSED [ 26%]
calibration/tests/test_calibration.py::TestProbabilityMapper::test_mapping_context_describes_direction PASSED [ 26%]
calibration/tests/test_calibration.py::TestProbabilityMapper::test_calibration_method_preserved PASSED [ 26%]
calibration/tests/test_calibration.py::TestProbabilityMapper::test_calibration_quality_preserved PASSED [ 26%]
calibration/tests/test_calibration.py::TestProbabilityMapper::test_no_silent_fallback_on_invalid_predicted_class PASSED [ 27%]
calibration/tests/test_calibration.py::TestProbabilityMapper::test_bridge_intent_normal_up_is_yes PASSED [ 27%]
calibration/tests/test_calibration.py::TestProbabilityMapper::test_bridge_intent_normal_down_is_no PASSED [ 27%]
calibration/tests/test_calibration.py::TestProbabilityMapper::test_bridge_intent_inverted_up_is_no PASSED [ 27%]
calibration/tests/test_calibration.py::TestProbabilityMapper::test_bridge_intent_inverted_down_is_yes PASSED [ 27%]
calibration/tests/test_calibration.py::TestProbabilityMapper::test_negative_up_probability_rejected PASSED [ 27%]
calibration/tests/test_calibration.py::TestProbabilityMapper::test_probability_greater_than_one_rejected PASSED [ 27%]
calibration/tests/test_calibration.py::TestProbabilityMapper::test_negative_down_probability_rejected PASSED [ 27%]
calibration/tests/test_decision_path_integration.py::TestExecuteAuditFields::test_execute_yes_all_audit_fields_present PASSED [ 27%]
calibration/tests/test_decision_path_integration.py::TestExecuteAuditFields::test_execute_yes_theoretical_hold_ev_is_p_minus_ask PASSED [ 27%]
calibration/tests/test_decision_path_integration.py::TestExecuteAuditFields::test_execute_yes_net_ev_is_theoretical_minus_fee PASSED [ 28%]
calibration/tests/test_decision_path_integration.py::TestExecuteAuditFields::test_execute_yes_intended_size_used_matches_parameter PASSED [ 28%]
calibration/tests/test_decision_path_integration.py::TestExecuteAuditFields::test_execute_no_audit_fields_present PASSED [ 28%]
calibration/tests/test_decision_path_integration.py::TestRejectAuditFields::test_negative_edge_reject_has_audit_fields PASSED [ 28%]
calibration/tests/test_decision_path_integration.py::TestRejectAuditFields::test_high_spread_reject_has_audit_fields PASSED [ 28%]
calibration/tests/test_decision_path_integration.py::TestRejectAuditFields::test_low_confidence_reject_has_audit_fields PASSED [ 28%]
calibration/tests/test_decision_path_integration.py::TestEarlyRejectAuditFields::test_stale_pricing_reject_ev_fields_none PASSED [ 28%]
calibration/tests/test_decision_path_integration.py::TestEarlyRejectAuditFields::test_low_liquidity_reject_ev_fields_none PASSED [ 28%]
calibration/tests/test_decision_path_integration.py::TestEarlyRejectAuditFields::test_invalid_pricing_reject_ev_fields_none PASSED [ 28%]
calibration/tests/test_decision_path_integration.py::TestPolicyMode::test_paper_config_policy_mode_is_paper PASSED [ 28%]
calibration/tests/test_decision_path_integration.py::TestPolicyMode::test_default_config_policy_mode_is_default PASSED [ 29%]
calibration/tests/test_decision_path_integration.py::TestPolicyMode::test_custom_config_policy_mode_set_correctly PASSED [ 29%]
calibration/tests/test_decision_path_integration.py::TestPassesFinalGateConsistency::test_execute_implies_passes_final_gate_true PASSED [ 29%]
calibration/tests/test_decision_path_integration.py::TestPassesFinalGateConsistency::test_reject_implies_passes_final_gate_false PASSED [ 29%]
calibration/tests/test_decision_policy_p6.py::TestValidatePricingSnapshot::test_valid_snapshot_returns_none PASSED [ 29%]
calibration/tests/test_decision_policy_p6.py::TestValidatePricingSnapshot::test_ask_yes_above_one_rejected PASSED [ 29%]
calibration/tests/test_decision_policy_p6.py::TestValidatePricingSnapshot::test_bid_yes_below_zero_rejected PASSED [ 29%]
calibration/tests/test_decision_policy_p6.py::TestValidatePricingSnapshot::test_ask_no_above_one_rejected PASSED [ 29%]
calibration/tests/test_decision_policy_p6.py::TestValidatePricingSnapshot::test_bid_no_below_zero_rejected PASSED [ 29%]
calibration/tests/test_decision_policy_p6.py::TestValidatePricingSnapshot::test_inverted_spread_yes_rejected PASSED [ 29%]
calibration/tests/test_decision_policy_p6.py::TestValidatePricingSnapshot::test_inverted_spread_no_rejected PASSED [ 29%]
calibration/tests/test_decision_policy_p6.py::TestValidatePricingSnapshot::test_future_timestamp_rejected PASSED [ 30%]
calibration/tests/test_decision_policy_p6.py::TestValidatePricingSnapshot::test_exact_boundary_zero_is_valid PASSED [ 30%]
calibration/tests/test_decision_policy_p6.py::TestValidatePricingSnapshot::test_exact_ask_equals_bid_is_valid PASSED [ 30%]
calibration/tests/test_decision_policy_p6.py::TestInvalidPricingInDecide::test_future_timestamp_causes_invalid_pricing_rejection PASSED [ 30%]
calibration/tests/test_decision_policy_p6.py::TestInvalidPricingInDecide::test_price_out_of_range_causes_invalid_pricing_rejection PASSED [ 30%]
calibration/tests/test_decision_policy_p6.py::TestInvalidPricingInDecide::test_inverted_spread_causes_invalid_pricing_rejection PASSED [ 30%]
calibration/tests/test_decision_policy_p6.py::TestInvalidPricingInDecide::test_invalid_pricing_checked_before_staleness PASSED [ 30%]
calibration/tests/test_decision_policy_p6.py::TestInvalidBridgeIntentSide::test_invalid_bridge_intent_side_rejects PASSED [ 30%]
calibration/tests/test_decision_policy_p6.py::TestInvalidBridgeIntentSide::test_empty_bridge_intent_side_rejects PASSED [ 30%]
calibration/tests/test_decision_policy_p6.py::TestInvalidBridgeIntentSide::test_valid_yes_bridge_intent_passes_guard PASSED [ 30%]
calibration/tests/test_decision_policy_p6.py::TestInvalidBridgeIntentSide::test_valid_no_bridge_intent_passes_guard PASSED [ 31%]
calibration/tests/test_decision_policy_p6.py::TestClassProbabilitiesRequirement::test_live_config_rejects_missing_class_probabilities PASSED [ 31%]
calibration/tests/test_decision_policy_p6.py::TestClassProbabilitiesRequirement::test_paper_config_allows_missing_class_probabilities PASSED [ 31%]
calibration/tests/test_decision_policy_p6.py::TestClassProbabilitiesRequirement::test_live_config_with_class_probabilities_passes_check PASSED [ 31%]
calibration/tests/test_decision_policy_p6.py::TestHorizonAwareStaleness::test_effective_max_age_no_fraction_returns_config_value PASSED [ 31%]
calibration/tests/test_decision_policy_p6.py::TestHorizonAwareStaleness::test_effective_max_age_fraction_scales_with_horizon PASSED [ 31%]
calibration/tests/test_decision_policy_p6.py::TestHorizonAwareStaleness::test_effective_max_age_fraction_capped_by_config_max PASSED [ 31%]
calibration/tests/test_decision_policy_p6.py::TestHorizonAwareStaleness::test_horizon_aware_staleness_rejects PASSED [ 31%]
calibration/tests/test_decision_policy_p6.py::TestHorizonAwareStaleness::test_horizon_aware_staleness_passes_under_derived_limit PASSED [ 31%]
calibration/tests/test_decision_policy_p6.py::TestSideSpecificSlippage::test_side_specific_slippage_yes_uses_yes_rate PASSED [ 31%]
calibration/tests/test_decision_policy_p6.py::TestSideSpecificSlippage::test_side_specific_slippage_no_uses_no_rate PASSED [ 32%]
calibration/tests/test_decision_policy_p6.py::TestSideSpecificSlippage::test_yes_side_falls_back_to_shared_slippage PASSED [ 32%]
calibration/tests/test_decision_policy_p6.py::TestSideSpecificSlippage::test_no_side_falls_back_to_shared_slippage PASSED [ 32%]
calibration/tests/test_decision_policy_p6.py::TestSideSpecificSlippage::test_different_yes_no_slippage_produces_different_edges PASSED [ 32%]
calibration/tests/test_decision_policy_p6.py::TestHorizonEnforcement::test_supported_horizons_contains_5_and_15 PASSED [ 32%]
calibration/tests/test_decision_policy_p6.py::TestHorizonEnforcement::test_unsupported_horizon_not_in_set PASSED [ 32%]
calibration/tests/test_decision_policy_p6.py::TestHorizonEnforcement::test_unsupported_horizon_rejects PASSED [ 32%]
calibration/tests/test_decision_policy_p6.py::TestHorizonEnforcement::test_horizon_5_accepted PASSED [ 32%]
calibration/tests/test_decision_policy_p6.py::TestHorizonEnforcement::test_horizon_15_accepted PASSED [ 32%]
calibration/tests/test_decision_policy_p6.py::TestHorizonEnforcement::test_horizon_checked_before_pricing_validation PASSED [ 32%]
calibration/tests/test_decision_policy_p6.py::TestHorizonEnforcement::test_rejection_rationale_contains_supported_list PASSED [ 32%]
calibration/tests/test_edge_estimation.py::TestEstimateYesEdge::test_gross_ev_formula PASSED [ 33%]
calibration/tests/test_edge_estimation.py::TestEstimateYesEdge::test_net_ev_formula PASSED [ 33%]
calibration/tests/test_edge_estimation.py::TestEstimateYesEdge::test_edge_equals_execution_adjusted_ev PASSED [ 33%]
calibration/tests/test_edge_estimation.py::TestEstimateYesEdge::test_passes_gate_when_above_threshold PASSED [ 33%]
calibration/tests/test_edge_estimation.py::TestEstimateYesEdge::test_fails_gate_when_below_threshold PASSED [ 33%]
calibration/tests/test_edge_estimation.py::TestEstimateYesEdge::test_side_is_yes PASSED [ 33%]
calibration/tests/test_edge_estimation.py::TestEstimateYesEdge::test_uses_ask_yes_not_ask_no PASSED [ 33%]
calibration/tests/test_edge_estimation.py::TestEstimateYesEdge::test_high_confidence_but_price_close_gives_low_edge PASSED [ 33%]
calibration/tests/test_edge_estimation.py::TestEstimateNoEdge::test_gross_ev_formula_no PASSED [ 33%]
calibration/tests/test_edge_estimation.py::TestEstimateNoEdge::test_net_ev_includes_cost PASSED [ 33%]
calibration/tests/test_edge_estimation.py::TestEstimateNoEdge::test_side_is_no PASSED [ 34%]
calibration/tests/test_edge_estimation.py::TestEstimateNoEdge::test_uses_ask_no_not_ask_yes PASSED [ 34%]
calibration/tests/test_edge_estimation.py::TestEstimateNoEdge::test_no_side_spread_in_diagnostics PASSED [ 34%]
calibration/tests/test_edge_estimation.py::TestCostAwareEdge::test_gross_positive_net_negative_fails PASSED [ 34%]
calibration/tests/test_edge_estimation.py::TestCostAwareEdge::test_zero_fee_higher_edge PASSED [ 34%]
calibration/tests/test_edge_estimation.py::TestCostAwareEdge::test_custom_fee_reduces_edge PASSED [ 34%]
calibration/tests/test_edge_estimation.py::TestEstimateBothEdges::test_returns_yes_first_no_second PASSED [ 34%]
calibration/tests/test_edge_estimation.py::TestEstimateBothEdges::test_yes_uses_ask_yes_no_uses_ask_no PASSED [ 34%]
calibration/tests/test_edge_estimation.py::TestDecisionPolicy::test_execute_yes_on_positive_edge PASSED [ 34%]
calibration/tests/test_edge_estimation.py::TestDecisionPolicy::test_execute_no_on_down_signal PASSED [ 34%]
calibration/tests/test_edge_estimation.py::TestDecisionPolicy::test_reject_when_bridge_intent_edge_negative PASSED [ 35%]
calibration/tests/test_edge_estimation.py::TestDecisionPolicy::test_reject_stale_pricing PASSED [ 35%]
calibration/tests/test_edge_estimation.py::TestDecisionPolicy::test_fresh_pricing_not_stale PASSED [ 35%]
calibration/tests/test_edge_estimation.py::TestDecisionPolicy::test_reject_low_liquidity PASSED [ 35%]
calibration/tests/test_edge_estimation.py::TestDecisionPolicy::test_reject_high_yes_spread PASSED [ 35%]
calibration/tests/test_edge_estimation.py::TestDecisionPolicy::test_reject_on_weak_calibration_flag PASSED [ 35%]
calibration/tests/test_edge_estimation.py::TestDecisionPolicy::test_no_reject_on_weak_calibration_when_flag_false PASSED [ 35%]
calibration/tests/test_edge_estimation.py::TestDecisionPolicy::test_edge_estimate_in_decision PASSED [ 35%]
calibration/tests/test_edge_estimation.py::TestDecisionPolicy::test_calibrated_signal_in_decision PASSED [ 35%]
calibration/tests/test_edge_estimation.py::TestDecisionPolicy::test_rationale_is_not_empty PASSED [ 35%]
calibration/tests/test_edge_estimation.py::TestDecisionPolicy::test_picks_higher_edge_side PASSED [ 35%]
calibration/tests/test_edge_estimation.py::TestDecisionPolicy::test_decision_deterministic PASSED [ 36%]
calibration/tests/test_edge_estimation.py::TestDecisionPolicy::test_bridge_intent_does_not_flip_to_opposite_side PASSED [ 36%]
calibration/tests/test_edge_estimation.py::TestDecisionPolicy::test_bridge_intent_yes_side_selected PASSED [ 36%]
calibration/tests/test_edge_estimation.py::TestDecisionPolicy::test_bridge_intent_no_side_selected PASSED [ 36%]
calibration/tests/test_edge_estimation.py::TestDecisionPolicy::test_bridge_intent_inverted_up_is_no PASSED [ 36%]
calibration/tests/test_edge_estimation.py::TestDecisionPolicy::test_bridge_intent_inverted_down_is_yes PASSED [ 36%]
calibration/tests/test_edge_estimation.py::TestDecisionPolicy::test_reject_on_unknown_calibration_when_flag_set PASSED [ 36%]
calibration/tests/test_edge_estimation.py::TestDecisionPolicy::test_no_reject_on_unknown_when_flag_false PASSED [ 36%]
calibration/tests/test_edge_estimation.py::TestDecisionPolicy::test_passes_gate_uses_execution_adjusted_not_net_ev PASSED [ 36%]
calibration/tests/test_edge_estimation.py::TestDecisionPolicy::test_execution_adjusted_ev_in_edge_estimate PASSED [ 36%]
calibration/tests/test_edge_estimation.py::TestDecisionPolicy::test_execution_adjusted_ev_less_than_net_ev PASSED [ 37%]
calibration/tests/test_edge_estimation.py::TestDecisionPolicy::test_execution_adjusted_ev_in_decision_rationale PASSED [ 37%]
calibration/tests/test_guardrails.py::TestBridgeIntentGuard::test_maybe_rejected PASSED [ 37%]
calibration/tests/test_guardrails.py::TestBridgeIntentGuard::test_empty_string_rejected PASSED [ 37%]
calibration/tests/test_guardrails.py::TestBridgeIntentGuard::test_lowercase_yes_rejected PASSED [ 37%]
calibration/tests/test_guardrails.py::TestBridgeIntentGuard::test_lowercase_no_rejected PASSED [ 37%]
calibration/tests/test_guardrails.py::TestBridgeIntentGuard::test_uppercase_yes_passes_bridge_guard PASSED [ 37%]
calibration/tests/test_guardrails.py::TestBridgeIntentGuard::test_uppercase_no_passes_bridge_guard PASSED [ 37%]
calibration/tests/test_guardrails.py::TestHorizonGuard::test_horizon_1_rejected PASSED [ 37%]
calibration/tests/test_guardrails.py::TestHorizonGuard::test_horizon_10_rejected PASSED [ 37%]
calibration/tests/test_guardrails.py::TestHorizonGuard::test_horizon_30_rejected PASSED [ 38%]
calibration/tests/test_guardrails.py::TestHorizonGuard::test_horizon_60_rejected PASSED [ 38%]
calibration/tests/test_guardrails.py::TestHorizonGuard::test_horizon_120_rejected PASSED [ 38%]
calibration/tests/test_guardrails.py::TestHorizonGuard::test_horizon_5_passes PASSED [ 38%]
calibration/tests/test_guardrails.py::TestHorizonGuard::test_horizon_15_passes PASSED [ 38%]
calibration/tests/test_guardrails.py::TestLiveModeGuard::test_unknown_cal_rejected_in_live PASSED [ 38%]
calibration/tests/test_guardrails.py::TestLiveModeGuard::test_unknown_cal_passes_in_paper PASSED [ 38%]
calibration/tests/test_guardrails.py::TestLiveModeGuard::test_weak_cal_rejected_in_live PASSED [ 38%]
calibration/tests/test_guardrails.py::TestLiveModeGuard::test_weak_cal_passes_in_paper PASSED [ 38%]
calibration/tests/test_guardrails.py::TestLiveModeGuard::test_no_class_probs_rejected_in_live PASSED [ 38%]
calibration/tests/test_guardrails.py::TestLiveModeGuard::test_no_class_probs_strong_quality_rejected_in_live_step3 PASSED [ 38%]
calibration/tests/test_guardrails.py::TestLiveModeGuard::test_no_class_probs_passes_in_paper PASSED [ 39%]
calibration/tests/test_guardrails.py::TestGuardOrdering::test_class_probs_check_before_horizon PASSED [ 39%]
calibration/tests/test_guardrails.py::TestGuardOrdering::test_horizon_check_before_pricing_validation PASSED [ 39%]
calibration/tests/test_guardrails.py::TestGuardOrdering::test_weak_cal_before_horizon_in_live PASSED [ 39%]
calibration/tests/test_guardrails.py::TestGuardOrdering::test_unknown_cal_before_class_probs_in_live PASSED [ 39%]
calibration/tests/test_integration.py::TestIntegrationChain::test_up_normal_strong_edge_executes_yes PASSED [ 39%]
calibration/tests/test_integration.py::TestIntegrationChain::test_down_normal_strong_edge_executes_no PASSED [ 39%]
calibration/tests/test_integration.py::TestIntegrationChain::test_up_inverted_executes_no PASSED [ 39%]
calibration/tests/test_integration.py::TestIntegrationChain::test_weak_edge_rejects PASSED [ 39%]
calibration/tests/test_integration.py::TestIntegrationChain::test_live_config_rejects_unknown_calibration PASSED [ 39%]
calibration/tests/test_integration.py::TestIntegrationChain::test_stale_pricing_rejects_chain PASSED [ 40%]
calibration/tests/test_integration.py::TestIntegrationChain::test_no_trade_signal_never_reaches_decision PASSED [ 40%]
calibration/tests/test_integration.py::TestIntegrationChain::test_execution_adjusted_ev_is_actual_gate PASSED [ 40%]
calibration/tests/test_intended_size_contract.py::TestSizeSlippageMonotonicity::test_small_size_higher_ev_than_large_size PASSED [ 40%]
calibration/tests/test_intended_size_contract.py::TestSizeSlippageMonotonicity::test_size_slippage_is_monotone_across_buckets PASSED [ 40%]
calibration/tests/test_intended_size_contract.py::TestSizeSlippageMonotonicity::test_decide_small_vs_large_size_ev_ordering PASSED [ 40%]
calibration/tests/test_intended_size_contract.py::TestUnfillableReject::test_very_large_size_triggers_unfillable PASSED [ 40%]
calibration/tests/test_intended_size_contract.py::TestUnfillableReject::test_decide_rejects_unfillable_size PASSED [ 40%]
calibration/tests/test_intended_size_contract.py::TestUnfillableReject::test_size_exactly_at_50pct_boundary_is_unfillable PASSED [ 40%]
calibration/tests/test_intended_size_contract.py::TestPartialFillZone::test_partial_fill_fraction_is_90pct PASSED [ 40%]
calibration/tests/test_intended_size_contract.py::TestPartialFillZone::test_partial_fill_does_not_cause_gate_failure_on_its_own PASSED [ 41%]
calibration/tests/test_intended_size_contract.py::TestFillableZone::test_small_size_relative_to_liquidity_is_fillable PASSED [ 41%]
calibration/tests/test_intended_size_contract.py::TestIntendedSizeUsedField::test_default_size_20 PASSED [ 41%]
calibration/tests/test_intended_size_contract.py::TestIntendedSizeUsedField::test_custom_size_reflected PASSED [ 41%]
calibration/tests/test_intended_size_contract.py::TestIntendedSizeUsedField::test_large_size_reflected_even_on_reject PASSED [ 41%]
calibration/tests/test_live_contract_enforcement.py::TestIntendedSizeContract::test_live_none_returns_missing_size_reject PASSED [ 41%]
calibration/tests/test_live_contract_enforcement.py::TestIntendedSizeContract::test_live_explicit_size_no_error PASSED [ 41%]
calibration/tests/test_live_contract_enforcement.py::TestIntendedSizeContract::test_live_zero_size_still_accepted PASSED [ 41%]
calibration/tests/test_live_contract_enforcement.py::TestIntendedSizeContract::test_paper_none_uses_20_usdc_default PASSED [ 41%]
calibration/tests/test_live_contract_enforcement.py::TestIntendedSizeContract::test_default_mode_none_uses_20_usdc PASSED [ 41%]
calibration/tests/test_live_contract_enforcement.py::TestIntendedSizeContract::test_explicit_size_in_live_propagates PASSED [ 41%]
calibration/tests/test_live_contract_enforcement.py::TestIntendedSizeContract::test_custom_live_config_also_enforces_size PASSED [ 42%]
calibration/tests/test_live_contract_enforcement.py::TestBridgeIntentSideContract::test_invalid_side_raises_at_construction PASSED [ 42%]
calibration/tests/test_live_contract_enforcement.py::TestBridgeIntentSideContract::test_empty_side_raises PASSED [ 42%]
calibration/tests/test_live_contract_enforcement.py::TestBridgeIntentSideContract::test_lowercase_side_raises PASSED [ 42%]
calibration/tests/test_live_contract_enforcement.py::TestBridgeIntentSideContract::test_valid_yes_accepted PASSED [ 42%]
calibration/tests/test_live_contract_enforcement.py::TestBridgeIntentSideContract::test_valid_no_accepted PASSED [ 42%]
calibration/tests/test_live_contract_enforcement.py::TestHorizonContractAtSignal::test_unsupported_horizon_raises_at_directional_signal PASSED [ 42%]
calibration/tests/test_live_contract_enforcement.py::TestHorizonContractAtSignal::test_horizon_1_raises PASSED [ 42%]
calibration/tests/test_live_contract_enforcement.py::TestHorizonContractAtSignal::test_horizon_60_raises PASSED [ 42%]
calibration/tests/test_live_contract_enforcement.py::TestHorizonContractAtSignal::test_horizon_5_accepted PASSED [ 42%]
calibration/tests/test_live_contract_enforcement.py::TestHorizonContractAtSignal::test_horizon_15_accepted PASSED [ 43%]
calibration/tests/test_live_contract_enforcement.py::TestLiveModeCalibrationGuards::test_live_rejects_unknown_calibration PASSED [ 43%]
calibration/tests/test_live_contract_enforcement.py::TestLiveModeCalibrationGuards::test_live_rejects_weak_calibration PASSED [ 43%]
calibration/tests/test_live_contract_enforcement.py::TestLiveModeCalibrationGuards::test_live_rejects_missing_class_probabilities PASSED [ 43%]
calibration/tests/test_live_contract_enforcement.py::TestLiveModeCalibrationGuards::test_paper_accepts_unknown_calibration PASSED [ 43%]
calibration/tests/test_live_vs_paper_fill_behavior.py::TestLivePartialFillRejection::test_live_partial_fill_rejects_with_correct_reason PASSED [ 43%]
calibration/tests/test_live_vs_paper_fill_behavior.py::TestLivePartialFillRejection::test_live_partial_rejection_not_negative_edge PASSED [ 43%]
calibration/tests/test_live_vs_paper_fill_behavior.py::TestLivePartialFillRejection::test_live_partial_rejection_rationale_mentions_fill_fraction PASSED [ 43%]
calibration/tests/test_live_vs_paper_fill_behavior.py::TestLivePartialFillRejection::test_live_fillable_executes PASSED [ 43%]
calibration/tests/test_live_vs_paper_fill_behavior.py::TestPaperPartialFillBehavior::test_paper_partial_fill_may_execute PASSED [ 43%]
calibration/tests/test_live_vs_paper_fill_behavior.py::TestPaperPartialFillBehavior::test_paper_partial_never_gets_partial_fill_rejected PASSED [ 44%]
calibration/tests/test_live_vs_paper_fill_behavior.py::TestPaperPartialFillBehavior::test_paper_fillable_executes PASSED [ 44%]
calibration/tests/test_live_vs_paper_fill_behavior.py::TestPartialFillAuditInDecide::test_live_partial_rejection_has_fill_fraction PASSED [ 44%]
calibration/tests/test_live_vs_paper_fill_behavior.py::TestPartialFillAuditInDecide::test_live_partial_rejection_has_executable_notional PASSED [ 44%]
calibration/tests/test_live_vs_paper_fill_behavior.py::TestPartialFillAuditInDecide::test_live_partial_notional_equals_fraction_times_size PASSED [ 44%]
calibration/tests/test_live_vs_paper_fill_behavior.py::TestPartialFillAuditInDecide::test_execute_has_fill_fraction_and_notional PASSED [ 44%]
calibration/tests/test_live_vs_paper_fill_behavior.py::TestRejectAuditTrailFix::test_early_reject_has_correct_policy_mode PASSED [ 44%]
calibration/tests/test_live_vs_paper_fill_behavior.py::TestRejectAuditTrailFix::test_early_reject_size_not_default_20 PASSED [ 44%]
calibration/tests/test_live_vs_paper_policy.py::TestBaselineStrongQuality::test_strong_quality_live_executes PASSED [ 44%]
calibration/tests/test_live_vs_paper_policy.py::TestBaselineStrongQuality::test_strong_quality_paper_executes PASSED [ 44%]
calibration/tests/test_live_vs_paper_policy.py::TestUnknownQualityDifference::test_unknown_quality_paper_executes PASSED [ 44%]
calibration/tests/test_live_vs_paper_policy.py::TestUnknownQualityDifference::test_unknown_quality_live_rejects PASSED [ 45%]
calibration/tests/test_live_vs_paper_policy.py::TestWeakQualityDifference::test_weak_quality_paper_executes PASSED [ 45%]
calibration/tests/test_live_vs_paper_policy.py::TestWeakQualityDifference::test_weak_quality_live_rejects PASSED [ 45%]
calibration/tests/test_live_vs_paper_policy.py::TestNoClassProbabilitiesDifference::test_no_class_probs_paper_passes PASSED [ 45%]
calibration/tests/test_live_vs_paper_policy.py::TestNoClassProbabilitiesDifference::test_no_class_probs_live_rejects PASSED [ 45%]
calibration/tests/test_live_vs_paper_policy.py::TestNoClassProbabilitiesDifference::test_no_class_probs_strong_quality_live_rejects_step3 PASSED [ 45%]
calibration/tests/test_live_vs_paper_policy.py::TestEdgeThresholdDifference::test_edge_between_paper_and_live_thresholds PASSED [ 45%]
calibration/tests/test_live_vs_paper_policy.py::TestEdgeThresholdDifference::test_edge_020_live_rejects PASSED [ 45%]
calibration/tests/test_live_vs_paper_policy.py::TestEdgeThresholdDifference::test_edge_030_both_pass PASSED [ 45%]
calibration/tests/test_live_vs_paper_policy.py::TestEdgeThresholdDifference::test_custom_config_override PASSED [ 45%]
calibration/tests/test_package_integrity.py::TestModuleImports::test_all_required_modules_importable PASSED [ 46%]
calibration/tests/test_package_integrity.py::TestModuleImports::test_calibration_types_exports_key_symbols PASSED [ 46%]
calibration/tests/test_package_integrity.py::TestModuleImports::test_decision_policy_exports_decide PASSED [ 46%]
calibration/tests/test_package_integrity.py::TestModuleImports::test_execution_realism_exports_compute_executable_ev PASSED [ 46%]
calibration/tests/test_package_integrity.py::TestModuleImports::test_probability_mapper_exports_map_fn PASSED [ 46%]
calibration/tests/test_package_integrity.py::TestConfigSourceOfTruth::test_no_live_yaml_exists PASSED [ 46%]
calibration/tests/test_package_integrity.py::TestConfigSourceOfTruth::test_no_paper_yaml_exists PASSED [ 46%]
calibration/tests/test_package_integrity.py::TestConfigSourceOfTruth::test_live_config_values_match_spec PASSED [ 46%]
calibration/tests/test_package_integrity.py::TestConfigSourceOfTruth::test_paper_config_values_match_spec PASSED [ 46%]
calibration/tests/test_package_integrity.py::TestConfigSourceOfTruth::test_loader_py_documents_python_as_source_of_truth PASSED [ 46%]
calibration/tests/test_package_integrity.py::TestColdImportRunnable::test_full_decision_path_runnable PASSED [ 47%]
calibration/tests/test_paper_loose_vs_strict.py::TestCalibrationQualitySplit::test_weak_calibration_passes_paper_loose PASSED [ 47%]
calibration/tests/test_paper_loose_vs_strict.py::TestCalibrationQualitySplit::test_weak_calibration_rejected_by_paper_strict PASSED [ 47%]
calibration/tests/test_paper_loose_vs_strict.py::TestCalibrationQualitySplit::test_unknown_calibration_passes_paper_loose PASSED [ 47%]
calibration/tests/test_paper_loose_vs_strict.py::TestCalibrationQualitySplit::test_unknown_calibration_rejected_by_paper_strict PASSED [ 47%]
calibration/tests/test_paper_loose_vs_strict.py::TestSuspiciousUnderroundSplit::test_ask_sum_0_92_rejected_by_paper_strict PASSED [ 47%]
calibration/tests/test_paper_loose_vs_strict.py::TestSuspiciousUnderroundSplit::test_ask_sum_0_92_not_rejected_by_paper_loose PASSED [ 47%]
calibration/tests/test_paper_loose_vs_strict.py::TestSuspiciousUnderroundSplit::test_ask_sum_below_088_execute_in_loose_has_sanity_notes PASSED [ 47%]
calibration/tests/test_paper_loose_vs_strict.py::TestStalePricingSplit::test_stale_91s_rejected_by_paper_strict PASSED [ 47%]
calibration/tests/test_paper_loose_vs_strict.py::TestStalePricingSplit::test_stale_150s_passes_paper_loose PASSED [ 47%]
calibration/tests/test_paper_loose_vs_strict.py::TestStalePricingSplit::test_stale_250s_rejected_by_paper_strict_but_passes_loose PASSED [ 47%]
calibration/tests/test_paper_loose_vs_strict.py::TestProbabilityMassSplit::test_prob_sum_0_65_passes_paper_loose_fails_strict PASSED [ 48%]
calibration/tests/test_paper_loose_vs_strict.py::TestProbabilityMassSplit::test_min_prob_sum_constants_are_distinct PASSED [ 48%]
calibration/tests/test_partial_fill_audit.py::TestBreakdownAuditFields::test_breakdown_has_fill_fraction_fillable PASSED [ 48%]
calibration/tests/test_partial_fill_audit.py::TestBreakdownAuditFields::test_breakdown_has_fill_fraction_partial PASSED [ 48%]
calibration/tests/test_partial_fill_audit.py::TestBreakdownAuditFields::test_breakdown_has_executable_notional_fillable PASSED [ 48%]
calibration/tests/test_partial_fill_audit.py::TestBreakdownAuditFields::test_breakdown_has_executable_notional_partial PASSED [ 48%]
calibration/tests/test_partial_fill_audit.py::TestBreakdownAuditFields::test_breakdown_has_ev_before_fill_partial PASSED [ 48%]
calibration/tests/test_partial_fill_audit.py::TestBreakdownAuditFields::test_breakdown_has_partial_fill_penalty_field PASSED [ 48%]
calibration/tests/test_partial_fill_audit.py::TestTradeDecisionAuditFields::test_execute_fillable_has_fill_fraction_one PASSED [ 48%]
calibration/tests/test_partial_fill_audit.py::TestTradeDecisionAuditFields::test_execute_fillable_has_notional_equals_intended PASSED [ 48%]
calibration/tests/test_partial_fill_audit.py::TestTradeDecisionAuditFields::test_execute_fillable_intended_size_used PASSED [ 49%]
calibration/tests/test_partial_fill_audit.py::TestTradeDecisionAuditFields::test_execute_policy_mode_matches_config PASSED [ 49%]
calibration/tests/test_partial_fill_audit.py::TestTradeDecisionAuditFields::test_partial_rejection_audit_has_fill_fraction PASSED [ 49%]
calibration/tests/test_partial_fill_audit.py::TestTradeDecisionAuditFields::test_partial_rejection_audit_has_executable_notional PASSED [ 49%]
calibration/tests/test_partial_fill_audit.py::TestTradeDecisionAuditFields::test_partial_rejection_edge_estimate_present PASSED [ 49%]
calibration/tests/test_partial_fill_audit.py::TestTradeDecisionAuditFields::test_partial_rejection_breakdown_present PASSED [ 49%]
calibration/tests/test_partial_fill_audit.py::TestTradeDecisionAuditFields::test_passes_final_gate_false_on_partial_rejection PASSED [ 49%]
calibration/tests/test_partial_fill_audit.py::TestTradeDecisionAuditFields::test_theoretical_hold_ev_present_on_partial_rejection PASSED [ 49%]
calibration/tests/test_phase10_contract_hardening.py::TestIntendedSizeContract::test_live_mode_none_returns_missing_size_reject PASSED [ 49%]
calibration/tests/test_phase10_contract_hardening.py::TestIntendedSizeContract::test_live_mode_explicit_size_no_error PASSED [ 49%]
calibration/tests/test_phase10_contract_hardening.py::TestIntendedSizeContract::test_paper_mode_none_uses_default_20 PASSED [ 50%]
calibration/tests/test_phase10_contract_hardening.py::TestIntendedSizeContract::test_default_mode_none_uses_default_20 PASSED [ 50%]
calibration/tests/test_phase10_contract_hardening.py::TestIntendedSizeContract::test_explicit_size_propagates_to_audit_trail PASSED [ 50%]
calibration/tests/test_phase10_contract_hardening.py::TestIntendedSizeContract::test_live_mode_reject_rationale_mentions_live PASSED [ 50%]
calibration/tests/test_phase10_contract_hardening.py::TestMinProbSumContract::test_live_config_has_correct_min_prob_sum PASSED [ 50%]
calibration/tests/test_phase10_contract_hardening.py::TestMinProbSumContract::test_paper_config_has_default_min_prob_sum PASSED [ 50%]
calibration/tests/test_phase10_contract_hardening.py::TestMinProbSumContract::test_live_low_prob_sum_rejects PASSED [ 50%]
calibration/tests/test_phase10_contract_hardening.py::TestMinProbSumContract::test_live_high_prob_sum_passes_boundary PASSED [ 50%]
calibration/tests/test_phase10_contract_hardening.py::TestMinProbSumContract::test_paper_low_prob_sum_passes_boundary PASSED [ 50%]
calibration/tests/test_phase10_contract_hardening.py::TestMinProbSumContract::test_live_exactly_at_threshold_passes PASSED [ 50%]
calibration/tests/test_phase10_contract_hardening.py::TestMinProbSumContract::test_live_just_below_threshold_rejects PASSED [ 50%]
calibration/tests/test_phase10_contract_hardening.py::TestCalibrationConfigPostInit::test_negative_edge_threshold_raises PASSED [ 51%]
calibration/tests/test_phase10_contract_hardening.py::TestCalibrationConfigPostInit::test_confidence_out_of_range_raises PASSED [ 51%]
calibration/tests/test_phase10_contract_hardening.py::TestCalibrationConfigPostInit::test_fee_negative_raises PASSED [ 51%]
calibration/tests/test_phase10_contract_hardening.py::TestCalibrationConfigPostInit::test_fee_above_1_raises PASSED [ 51%]
calibration/tests/test_phase10_contract_hardening.py::TestCalibrationConfigPostInit::test_min_prob_sum_out_of_range_raises PASSED [ 51%]
calibration/tests/test_phase10_contract_hardening.py::TestCalibrationConfigPostInit::test_valid_config_no_error PASSED [ 51%]
calibration/tests/test_phase10_contract_hardening.py::TestCalibrationConfigPostInit::test_live_config_valid PASSED [ 51%]
calibration/tests/test_phase10_contract_hardening.py::TestCalibrationConfigPostInit::test_paper_config_valid PASSED [ 51%]
calibration/tests/test_phase9_integration.py::TestPhase9RealisticPathIntegration::test_old_conflict_no_longer_exists PASSED [ 51%]
calibration/tests/test_phase9_integration.py::TestPhase9RealisticPathIntegration::test_executable_cost_breakdown_populated_on_execute PASSED [ 51%]
calibration/tests/test_phase9_integration.py::TestPhase9RealisticPathIntegration::test_executable_cost_breakdown_populated_on_negative_edge_reject PASSED [ 52%]
calibration/tests/test_phase9_integration.py::TestPhase9RealisticPathIntegration::test_intended_size_parameter_accepted PASSED [ 52%]
calibration/tests/test_phase9_integration.py::TestPhase9RealisticPathIntegration::test_staleness_zone_in_breakdown PASSED [ 52%]
calibration/tests/test_phase9_integration.py::TestPhase10SpreadHardening::test_fake_spread_attack_rejected PASSED [ 52%]
calibration/tests/test_phase9_integration.py::TestPhase10SpreadHardening::test_spread_always_derived_from_prices PASSED [ 52%]
calibration/tests/test_phase9_integration.py::TestPhase10SpreadHardening::test_inverted_spread_gives_negative_derived_spread PASSED [ 52%]
calibration/tests/test_phase9_integration.py::TestPhase10SpreadHardening::test_binary_sanity_check_high_overround PASSED [ 52%]
calibration/tests/test_phase9_integration.py::TestPhase10SpreadHardening::test_binary_sanity_check_low_sum PASSED [ 52%]
calibration/tests/test_phase9_integration.py::TestPhase11ProbabilityBoundary::test_total_below_min_sum_rejected_at_boundary PASSED [ 52%]
calibration/tests/test_phase9_integration.py::TestPhase11ProbabilityBoundary::test_prob_over_1_rejected_at_boundary PASSED [ 52%]
calibration/tests/test_phase9_integration.py::TestPhase11ProbabilityBoundary::test_total_over_max_rejected_at_boundary PASSED [ 52%]
calibration/tests/test_phase9_integration.py::TestPhase11ProbabilityBoundary::test_negative_probability_rejected_at_boundary PASSED [ 53%]
calibration/tests/test_phase9_integration.py::TestPhase11ProbabilityBoundary::test_boundary_check_fires_before_horizon_check PASSED [ 53%]
calibration/tests/test_phase9_integration.py::TestPhase11ProbabilityBoundary::test_valid_probs_pass_boundary PASSED [ 53%]
calibration/tests/test_phase9_integration.py::TestPhase9Regression::test_large_edge_still_executes PASSED [ 53%]
calibration/tests/test_phase9_integration.py::TestPhase9Regression::test_rationale_contains_executable_ev PASSED [ 53%]
calibration/tests/test_policy_profile_reporting.py::TestPolicyModeField::test_execute_live_reports_live PASSED [ 53%]
calibration/tests/test_policy_profile_reporting.py::TestPolicyModeField::test_execute_paper_strict_reports_paper_strict PASSED [ 53%]
calibration/tests/test_policy_profile_reporting.py::TestPolicyModeField::test_execute_paper_loose_reports_paper_loose PASSED [ 53%]
calibration/tests/test_policy_profile_reporting.py::TestPolicyModeField::test_three_modes_are_distinct_strings PASSED [ 53%]
calibration/tests/test_policy_profile_reporting.py::TestEarlyRejectPolicyMode::test_suspicious_underround_reject_live_carries_live_mode PASSED [ 53%]
calibration/tests/test_policy_profile_reporting.py::TestEarlyRejectPolicyMode::test_suspicious_underround_reject_strict_carries_strict_mode PASSED [ 54%]
calibration/tests/test_policy_profile_reporting.py::TestEarlyRejectPolicyMode::test_weak_cal_reject_strict_carries_strict_mode PASSED [ 54%]
calibration/tests/test_policy_profile_reporting.py::TestEarlyRejectPolicyMode::test_early_reject_intended_size_propagated PASSED [ 54%]
calibration/tests/test_policy_profile_reporting.py::TestPricingSanityNotes::test_clean_market_live_no_sanity_notes PASSED [ 54%]
calibration/tests/test_policy_profile_reporting.py::TestPricingSanityNotes::test_clean_market_paper_strict_no_sanity_notes PASSED [ 54%]
calibration/tests/test_policy_profile_reporting.py::TestPricingSanityNotes::test_clean_market_paper_loose_no_sanity_notes PASSED [ 54%]
calibration/tests/test_policy_profile_reporting.py::TestPricingSanityNotes::test_live_suspicious_does_not_set_notes_because_it_rejects PASSED [ 54%]
calibration/tests/test_policy_profile_reporting.py::TestPricingSanityNotes::test_paper_loose_suspicious_execute_has_notes PASSED [ 54%]
calibration/tests/test_policy_profile_reporting.py::TestCustomPolicyConfig::test_custom_config_mode_reflected_in_output PASSED [ 54%]
calibration/tests/test_pricing_sanity.py::TestHardStructuralLimits::test_ask_sum_below_hard_floor_is_invalid PASSED [ 54%]
calibration/tests/test_pricing_sanity.py::TestHardStructuralLimits::test_bid_sum_above_hard_ceiling_is_invalid PASSED [ 55%]
calibration/tests/test_pricing_sanity.py::TestHardStructuralLimits::test_ask_below_bid_yes_is_invalid PASSED [ 55%]
calibration/tests/test_pricing_sanity.py::TestHardStructuralLimits::test_ask_below_bid_no_is_invalid PASSED [ 55%]
calibration/tests/test_pricing_sanity.py::TestHardStructuralLimits::test_price_above_one_is_invalid PASSED [ 55%]
calibration/tests/test_pricing_sanity.py::TestHardStructuralLimits::test_negative_price_is_invalid PASSED [ 55%]
calibration/tests/test_pricing_sanity.py::TestHardStructuralLimits::test_future_timestamp_is_invalid PASSED [ 55%]
calibration/tests/test_pricing_sanity.py::TestHardStructuralLimits::test_hard_limits_are_independent_of_policy PASSED [ 55%]
calibration/tests/test_pricing_sanity.py::TestHealthyQuotes::test_normal_binary_market_passes_structural PASSED [ 55%]
calibration/tests/test_pricing_sanity.py::TestHealthyQuotes::test_normal_market_passes_live_sanity PASSED [ 55%]
calibration/tests/test_pricing_sanity.py::TestHealthyQuotes::test_normal_market_passes_paper_strict_sanity PASSED [ 55%]
calibration/tests/test_pricing_sanity.py::TestHealthyQuotes::test_normal_market_passes_paper_loose_sanity PASSED [ 55%]
calibration/tests/test_pricing_sanity.py::TestHealthyQuotes::test_slight_overround_passes_live PASSED [ 56%]
calibration/tests/test_pricing_sanity.py::TestHealthyQuotes::test_bid_sum_just_below_1_passes_live PASSED [ 56%]
calibration/tests/test_pricing_sanity.py::TestAskSumBandByMode::test_ask_sum_below_live_min_triggers_sanity PASSED [ 56%]
calibration/tests/test_pricing_sanity.py::TestAskSumBandByMode::test_ask_sum_0_96_passes_paper_strict PASSED [ 56%]
calibration/tests/test_pricing_sanity.py::TestAskSumBandByMode::test_ask_sum_0_96_passes_paper_loose PASSED [ 56%]
calibration/tests/test_pricing_sanity.py::TestAskSumBandByMode::test_ask_sum_0_92_triggers_live_and_strict_not_loose PASSED [ 56%]
calibration/tests/test_pricing_sanity.py::TestAskSumBandByMode::test_ask_sum_0_87_triggers_all_modes PASSED [ 56%]
calibration/tests/test_pricing_sanity.py::TestAskSumBandByMode::test_ask_sum_above_live_max_triggers_sanity PASSED [ 56%]
calibration/tests/test_pricing_sanity.py::TestAskSumBandByMode::test_ask_sum_1_12_passes_paper_strict PASSED [ 56%]
calibration/tests/test_pricing_sanity.py::TestAskSumBandByMode::test_ask_sum_1_12_passes_paper_loose PASSED [ 56%]
calibration/tests/test_pricing_sanity.py::TestThresholdConstants::test_live_is_strictest_min_ask PASSED [ 57%]
calibration/tests/test_pricing_sanity.py::TestThresholdConstants::test_live_is_strictest_max_ask PASSED [ 57%]
calibration/tests/test_pricing_sanity.py::TestThresholdConstants::test_hard_floor_below_all_policy_mins PASSED [ 57%]
calibration/tests/test_pricing_sanity.py::TestThresholdConstants::test_hard_bid_ceiling_reasonable PASSED [ 57%]
calibration/tests/test_pricing_sanity.py::TestLowLiquidityAndSanity::test_low_liquidity_does_not_affect_sanity_threshold PASSED [ 57%]
calibration/tests/test_pricing_sanity.py::TestLowLiquidityAndSanity::test_low_liquidity_high_ask_sum_triggers_sanity_independently PASSED [ 57%]
calibration/tests/test_probability_boundary.py::TestNegativeProbabilities::test_negative_up_prob_rejected_by_mapper PASSED [ 57%]
calibration/tests/test_probability_boundary.py::TestNegativeProbabilities::test_negative_down_prob_rejected_by_mapper PASSED [ 57%]
calibration/tests/test_probability_boundary.py::TestNegativeProbabilities::test_negative_no_trade_prob_rejected_by_mapper PASSED [ 57%]
calibration/tests/test_probability_boundary.py::TestNegativeProbabilities::test_negative_prob_in_class_dict_rejected_at_decide PASSED [ 57%]
calibration/tests/test_probability_boundary.py::TestProbabilityAboveOne::test_up_prob_above_1_rejected_by_mapper PASSED [ 58%]
calibration/tests/test_probability_boundary.py::TestProbabilityAboveOne::test_over_sum_rejected_by_mapper PASSED [ 58%]
calibration/tests/test_probability_boundary.py::TestProbabilityAboveOne::test_over_sum_rejected_at_decide_step4 PASSED [ 58%]
calibration/tests/test_probability_boundary.py::TestUnderSummedDistributions::test_live_under_sum_060_rejects PASSED [ 58%]
calibration/tests/test_probability_boundary.py::TestUnderSummedDistributions::test_live_under_sum_072_rejects PASSED [ 58%]
calibration/tests/test_probability_boundary.py::TestUnderSummedDistributions::test_live_sum_exactly_090_passes PASSED [ 58%]
calibration/tests/test_probability_boundary.py::TestUnderSummedDistributions::test_live_sum_0899_rejects PASSED [ 58%]
calibration/tests/test_probability_boundary.py::TestUnderSummedDistributions::test_paper_sum_072_passes_boundary PASSED [ 58%]
calibration/tests/test_probability_boundary.py::TestUnderSummedDistributions::test_paper_sum_051_passes_boundary PASSED [ 58%]
calibration/tests/test_probability_boundary.py::TestUnderSummedDistributions::test_paper_sum_below_050_rejects PASSED [ 58%]
calibration/tests/test_probability_boundary.py::TestMissingClassProbsLive::test_live_no_class_probs_strong_quality_rejects PASSED [ 58%]
calibration/tests/test_probability_boundary.py::TestMissingClassProbsLive::test_paper_no_class_probs_accepted PASSED [ 59%]
calibration/tests/test_probability_boundary.py::TestMapperClassKeyValidation::test_no_trade_class_is_rejected PASSED [ 59%]
calibration/tests/test_probability_boundary.py::TestMapperClassKeyValidation::test_invalid_predicted_class_raises_at_construction PASSED [ 59%]
calibration/tests/test_probability_contracts.py::TestIndividualProbBounds::test_negative_up_prob PASSED [ 59%]
calibration/tests/test_probability_contracts.py::TestIndividualProbBounds::test_up_prob_greater_than_one PASSED [ 59%]
calibration/tests/test_probability_contracts.py::TestIndividualProbBounds::test_negative_down_prob PASSED [ 59%]
calibration/tests/test_probability_contracts.py::TestIndividualProbBounds::test_negative_no_trade_prob PASSED [ 59%]
calibration/tests/test_probability_contracts.py::TestIndividualProbBounds::test_no_trade_greater_than_one PASSED [ 59%]
calibration/tests/test_probability_contracts.py::TestProbSumRules::test_sum_150_rejected PASSED [ 59%]
calibration/tests/test_probability_contracts.py::TestProbSumRules::test_sum_049_below_min_sum PASSED [ 59%]
calibration/tests/test_probability_contracts.py::TestProbSumRules::test_sum_050_exactly_passes PASSED [ 60%]
calibration/tests/test_probability_contracts.py::TestProbSumRules::test_sum_101_at_tolerance_boundary_passes PASSED [ 60%]
calibration/tests/test_probability_contracts.py::TestProbSumRules::test_sum_102_just_over_tolerance_rejected PASSED [ 60%]
calibration/tests/test_probability_contracts.py::TestProbSumRules::test_partial_sum_075_passes PASSED [ 60%]
calibration/tests/test_probability_contracts.py::TestProbSumRules::test_prob_min_sum_constant_value PASSED [ 60%]
calibration/tests/test_probability_contracts.py::TestProbSumRules::test_prob_max_over_constant_value PASSED [ 60%]
calibration/tests/test_probability_contracts.py::TestClassProbsIntegrationWithDecide::test_live_mode_missing_class_probs_unknown_calibration PASSED [ 60%]
calibration/tests/test_probability_contracts.py::TestClassProbsIntegrationWithDecide::test_live_mode_missing_class_probs_strong_quality_step3 PASSED [ 60%]
calibration/tests/test_probability_contracts.py::TestClassProbsIntegrationWithDecide::test_paper_mode_missing_class_probs_executes PASSED [ 60%]
calibration/tests/test_realistic_gate_priority.py::TestSplitBrainEliminated::test_simple_estimator_passes_the_threshold PASSED [ 60%]
calibration/tests/test_realistic_gate_priority.py::TestSplitBrainEliminated::test_realistic_estimator_fails_the_threshold PASSED [ 61%]
calibration/tests/test_realistic_gate_priority.py::TestSplitBrainEliminated::test_decide_rejects_when_simple_passes_but_realistic_fails PASSED [ 61%]
calibration/tests/test_realistic_gate_priority.py::TestSplitBrainEliminated::test_decide_uses_realistic_ev_not_simple_ev PASSED [ 61%]
calibration/tests/test_realistic_gate_priority.py::TestSplitBrainEliminated::test_large_edge_still_passes_with_realistic_path PASSED [ 61%]
calibration/tests/test_realistic_gate_priority.py::TestSplitBrainEliminated::test_staleness_penalty_causes_fail_when_fresh_would_pass PASSED [ 61%]
calibration/tests/test_realistic_gate_priority.py::TestRealisticGatePriority::test_zero_configured_slippage_does_not_eliminate_realistic_slippage PASSED [ 61%]
calibration/tests/test_realistic_gate_priority.py::TestRealisticGatePriority::test_executable_ev_in_edge_estimate_matches_breakdown PASSED [ 61%]
calibration/tests/test_supported_horizons.py::TestSupportedHorizonsConstant::test_supported_horizons_is_5_and_15 PASSED [ 61%]
calibration/tests/test_supported_horizons.py::TestSupportedHorizonsConstant::test_supported_horizons_is_frozenset PASSED [ 61%]
calibration/tests/test_supported_horizons.py::TestSupportedHorizonsConstant::test_unsupported_not_in_constant[1] PASSED [ 61%]
calibration/tests/test_supported_horizons.py::TestSupportedHorizonsConstant::test_unsupported_not_in_constant[10] PASSED [ 61%]
calibration/tests/test_supported_horizons.py::TestSupportedHorizonsConstant::test_unsupported_not_in_constant[30] PASSED [ 62%]
calibration/tests/test_supported_horizons.py::TestSupportedHorizonsConstant::test_unsupported_not_in_constant[60] PASSED [ 62%]
calibration/tests/test_supported_horizons.py::TestSupportedHorizonsConstant::test_unsupported_not_in_constant[120] PASSED [ 62%]
calibration/tests/test_supported_horizons.py::TestSupportedHorizonsConstant::test_unsupported_not_in_constant[240] PASSED [ 62%]
calibration/tests/test_supported_horizons.py::TestSupportedHorizonsConstant::test_supported_in_constant[5] PASSED [ 62%]
calibration/tests/test_supported_horizons.py::TestSupportedHorizonsConstant::test_supported_in_constant[15] PASSED [ 62%]
calibration/tests/test_supported_horizons.py::TestDirectionalSignalHorizonEnforcement::test_unsupported_horizon_raises_at_directional_signal[1] PASSED [ 62%]
calibration/tests/test_supported_horizons.py::TestDirectionalSignalHorizonEnforcement::test_unsupported_horizon_raises_at_directional_signal[10] PASSED [ 62%]
calibration/tests/test_supported_horizons.py::TestDirectionalSignalHorizonEnforcement::test_unsupported_horizon_raises_at_directional_signal[30] PASSED [ 62%]
calibration/tests/test_supported_horizons.py::TestDirectionalSignalHorizonEnforcement::test_unsupported_horizon_raises_at_directional_signal[60] PASSED [ 62%]
calibration/tests/test_supported_horizons.py::TestDirectionalSignalHorizonEnforcement::test_unsupported_horizon_raises_at_directional_signal[120] PASSED [ 63%]
calibration/tests/test_supported_horizons.py::TestDirectionalSignalHorizonEnforcement::test_unsupported_horizon_raises_at_directional_signal[240] PASSED [ 63%]
calibration/tests/test_supported_horizons.py::TestDirectionalSignalHorizonEnforcement::test_supported_horizon_accepted_at_directional_signal[5] PASSED [ 63%]
calibration/tests/test_supported_horizons.py::TestDirectionalSignalHorizonEnforcement::test_supported_horizon_accepted_at_directional_signal[15] PASSED [ 63%]
calibration/tests/test_supported_horizons.py::TestDecideHorizonEnforcement::test_unsupported_horizon_rejects_in_paper[1] PASSED [ 63%]
calibration/tests/test_supported_horizons.py::TestDecideHorizonEnforcement::test_unsupported_horizon_rejects_in_paper[10] PASSED [ 63%]
calibration/tests/test_supported_horizons.py::TestDecideHorizonEnforcement::test_unsupported_horizon_rejects_in_paper[30] PASSED [ 63%]
calibration/tests/test_supported_horizons.py::TestDecideHorizonEnforcement::test_unsupported_horizon_rejects_in_paper[60] PASSED [ 63%]
calibration/tests/test_supported_horizons.py::TestDecideHorizonEnforcement::test_unsupported_horizon_rejects_in_paper[120] PASSED [ 63%]
calibration/tests/test_supported_horizons.py::TestDecideHorizonEnforcement::test_unsupported_horizon_rejects_in_paper[240] PASSED [ 63%]
calibration/tests/test_supported_horizons.py::TestDecideHorizonEnforcement::test_unsupported_horizon_rejects_in_live[1] PASSED [ 64%]
calibration/tests/test_supported_horizons.py::TestDecideHorizonEnforcement::test_unsupported_horizon_rejects_in_live[10] PASSED [ 64%]
calibration/tests/test_supported_horizons.py::TestDecideHorizonEnforcement::test_unsupported_horizon_rejects_in_live[30] PASSED [ 64%]
calibration/tests/test_supported_horizons.py::TestDecideHorizonEnforcement::test_unsupported_horizon_rejects_in_live[60] PASSED [ 64%]
calibration/tests/test_supported_horizons.py::TestDecideHorizonEnforcement::test_unsupported_horizon_rejects_in_live[120] PASSED [ 64%]
calibration/tests/test_supported_horizons.py::TestDecideHorizonEnforcement::test_unsupported_horizon_rejects_in_live[240] PASSED [ 64%]
calibration/tests/test_supported_horizons.py::TestDecideHorizonEnforcement::test_supported_horizon_passes_step5_paper[5] PASSED [ 64%]
calibration/tests/test_supported_horizons.py::TestDecideHorizonEnforcement::test_supported_horizon_passes_step5_paper[15] PASSED [ 64%]
calibration/tests/test_supported_horizons.py::TestDecideHorizonEnforcement::test_horizon_rejection_before_pricing_validation PASSED [ 64%]
calibration/tests/test_supported_horizons.py::TestDecideHorizonEnforcement::test_rejection_rationale_names_supported_horizons PASSED [ 64%]
calibration/tests/test_type_contracts.py::TestRawSignalOutputContracts::test_invalid_predicted_class_raises PASSED [ 64%]
calibration/tests/test_type_contracts.py::TestRawSignalOutputContracts::test_empty_predicted_class_raises PASSED [ 65%]
calibration/tests/test_type_contracts.py::TestRawSignalOutputContracts::test_lowercase_predicted_class_raises PASSED [ 65%]
calibration/tests/test_type_contracts.py::TestRawSignalOutputContracts::test_confidence_above_1_raises PASSED [ 65%]
calibration/tests/test_type_contracts.py::TestRawSignalOutputContracts::test_confidence_negative_raises PASSED [ 65%]
calibration/tests/test_type_contracts.py::TestRawSignalOutputContracts::test_valid_up_accepted PASSED [ 65%]
calibration/tests/test_type_contracts.py::TestRawSignalOutputContracts::test_valid_down_accepted PASSED [ 65%]
calibration/tests/test_type_contracts.py::TestRawSignalOutputContracts::test_valid_no_trade_accepted PASSED [ 65%]
calibration/tests/test_type_contracts.py::TestRawSignalOutputContracts::test_confidence_zero_accepted PASSED [ 65%]
calibration/tests/test_type_contracts.py::TestRawSignalOutputContracts::test_confidence_one_accepted PASSED [ 65%]
calibration/tests/test_type_contracts.py::TestCalibratedSignalContracts::test_invalid_bridge_intent_side_raises PASSED [ 65%]
calibration/tests/test_type_contracts.py::TestCalibratedSignalContracts::test_empty_bridge_intent_side_raises PASSED [ 66%]
calibration/tests/test_type_contracts.py::TestCalibratedSignalContracts::test_reject_bridge_intent_side_raises PASSED [ 66%]
calibration/tests/test_type_contracts.py::TestCalibratedSignalContracts::test_effective_yes_prob_above_1_raises PASSED [ 66%]
calibration/tests/test_type_contracts.py::TestCalibratedSignalContracts::test_effective_yes_prob_negative_raises PASSED [ 66%]
calibration/tests/test_type_contracts.py::TestCalibratedSignalContracts::test_effective_no_prob_above_1_raises PASSED [ 66%]
calibration/tests/test_type_contracts.py::TestCalibratedSignalContracts::test_valid_yes_side_accepted PASSED [ 66%]
calibration/tests/test_type_contracts.py::TestCalibratedSignalContracts::test_valid_no_side_accepted PASSED [ 66%]
calibration/tests/test_type_contracts.py::TestCalibrationConfigContracts::test_negative_edge_raises PASSED [ 66%]
calibration/tests/test_type_contracts.py::TestCalibrationConfigContracts::test_zero_edge_allowed PASSED [ 66%]
calibration/tests/test_type_contracts.py::TestCalibrationConfigContracts::test_confidence_above_1_raises PASSED [ 66%]
calibration/tests/test_type_contracts.py::TestCalibrationConfigContracts::test_confidence_negative_raises PASSED [ 67%]
calibration/tests/test_type_contracts.py::TestCalibrationConfigContracts::test_fee_negative_raises PASSED [ 67%]
calibration/tests/test_type_contracts.py::TestCalibrationConfigContracts::test_fee_above_1_raises PASSED [ 67%]
calibration/tests/test_type_contracts.py::TestCalibrationConfigContracts::test_fee_zero_allowed PASSED [ 67%]
calibration/tests/test_type_contracts.py::TestCalibrationConfigContracts::test_min_prob_sum_above_1_raises PASSED [ 67%]
calibration/tests/test_type_contracts.py::TestCalibrationConfigContracts::test_min_prob_sum_negative_raises PASSED [ 67%]
calibration/tests/test_type_contracts.py::TestCalibrationConfigContracts::test_valid_config_constructed PASSED [ 67%]
calibration/tests/test_type_contracts.py::TestDirectionalSignalContracts::test_unsupported_horizon_raises[1] PASSED [ 67%]
calibration/tests/test_type_contracts.py::TestDirectionalSignalContracts::test_unsupported_horizon_raises[10] PASSED [ 67%]
calibration/tests/test_type_contracts.py::TestDirectionalSignalContracts::test_unsupported_horizon_raises[30] PASSED [ 67%]
calibration/tests/test_type_contracts.py::TestDirectionalSignalContracts::test_unsupported_horizon_raises[60] PASSED [ 67%]
calibration/tests/test_type_contracts.py::TestDirectionalSignalContracts::test_unsupported_horizon_raises[240] PASSED [ 68%]
calibration/tests/test_type_contracts.py::TestDirectionalSignalContracts::test_supported_5_accepted PASSED [ 68%]
calibration/tests/test_type_contracts.py::TestDirectionalSignalContracts::test_supported_15_accepted PASSED [ 68%]
calibration/tests/test_type_contracts.py::TestMarketPricingSnapshotContracts::test_spread_derived_from_ask_bid_ignores_passed_value PASSED [ 68%]
calibration/tests/test_type_contracts.py::TestMarketPricingSnapshotContracts::test_spread_no_derived_ignores_passed_value PASSED [ 68%]
calibration/tests/test_type_contracts.py::TestMarketPricingSnapshotContracts::test_tight_spread_correctly_derived PASSED [ 68%]
calibration/tests/test_underround_rejection.py::TestLiveRejectsSuspiciousUnderround::test_live_rejects_ask_sum_0_96 PASSED [ 68%]
calibration/tests/test_underround_rejection.py::TestLiveRejectsSuspiciousUnderround::test_live_rejects_ask_sum_0_92 PASSED [ 68%]
calibration/tests/test_underround_rejection.py::TestLiveRejectsSuspiciousUnderround::test_live_rejects_excessive_vig PASSED [ 68%]
calibration/tests/test_underround_rejection.py::TestLiveRejectsSuspiciousUnderround::test_suspicious_underround_not_negative_edge PASSED [ 68%]
calibration/tests/test_underround_rejection.py::TestLiveRejectsSuspiciousUnderround::test_suspicious_underround_not_invalid_pricing PASSED [ 69%]
calibration/tests/test_underround_rejection.py::TestLiveRejectsSuspiciousUnderround::test_live_rationale_mentions_underround PASSED [ 69%]
calibration/tests/test_underround_rejection.py::TestPaperStrictRejectsSuspiciousUnderround::test_paper_strict_allows_ask_sum_0_96 PASSED [ 69%]
calibration/tests/test_underround_rejection.py::TestPaperStrictRejectsSuspiciousUnderround::test_paper_strict_rejects_ask_sum_0_92 PASSED [ 69%]
calibration/tests/test_underround_rejection.py::TestPaperStrictRejectsSuspiciousUnderround::test_paper_strict_rejects_very_heavy_underround PASSED [ 69%]
calibration/tests/test_underround_rejection.py::TestPaperLooseAnnotatesSuspiciousUnderround::test_paper_loose_does_not_reject_ask_sum_0_92 PASSED [ 69%]
calibration/tests/test_underround_rejection.py::TestPaperLooseAnnotatesSuspiciousUnderround::test_paper_loose_sets_pricing_sanity_notes_on_suspicious PASSED [ 69%]
calibration/tests/test_underround_rejection.py::TestPaperLooseAnnotatesSuspiciousUnderround::test_paper_loose_clean_market_has_no_sanity_notes PASSED [ 69%]
calibration/tests/test_underround_rejection.py::TestPaperLooseAnnotatesSuspiciousUnderround::test_paper_loose_rejects_very_heavy_underround PASSED [ 69%]
calibration/tests/test_underround_rejection.py::TestBidSumUnderround::test_bid_sum_above_1_triggers_live PASSED [ 69%]
calibration/tests/test_underround_rejection.py::TestBidSumUnderround::test_bid_sum_above_1_not_checked_in_paper_loose PASSED [ 70%]
execution_realism/tests/test_executable_ev.py::TestArithmeticContracts::test_theoretical_hold_ev_equals_prob_minus_ask PASSED [ 70%]
execution_realism/tests/test_executable_ev.py::TestArithmeticContracts::test_total_friction_components PASSED [ 70%]
execution_realism/tests/test_executable_ev.py::TestArithmeticContracts::test_executable_ev_equals_theoretical_minus_friction PASSED [ 70%]
execution_realism/tests/test_executable_ev.py::TestArithmeticContracts::test_fee_cost_matches_input PASSED [ 70%]
execution_realism/tests/test_executable_ev.py::TestArithmeticContracts::test_required_threshold_stored PASSED [ 70%]
execution_realism/tests/test_executable_ev.py::TestArithmeticContracts::test_side_stored PASSED [ 70%]
execution_realism/tests/test_executable_ev.py::TestGateConditions::test_all_good_passes PASSED [ 70%]
execution_realism/tests/test_executable_ev.py::TestGateConditions::test_ev_below_threshold_fails PASSED [ 70%]
execution_realism/tests/test_executable_ev.py::TestGateConditions::test_expired_snapshot_fails_even_with_high_ev PASSED [ 70%]
execution_realism/tests/test_executable_ev.py::TestGateConditions::test_unfillable_fails_even_with_positive_ev PASSED [ 70%]
execution_realism/tests/test_executable_ev.py::TestFreshGoodLiquidityCloseToTheoretical::test_small_friction_fresh_high_liq PASSED [ 71%]
execution_realism/tests/test_executable_ev.py::TestFreshGoodLiquidityCloseToTheoretical::test_executable_ev_positive_and_near_theoretical PASSED [ 71%]
execution_realism/tests/test_executable_ev.py::TestHighFrictionFlipsTrade::test_high_friction_negative_executable_ev PASSED [ 71%]
execution_realism/tests/test_executable_ev.py::TestHighFrictionFlipsTrade::test_passes_gate_false_when_friction_exceeds_threshold PASSED [ 71%]
execution_realism/tests/test_executable_notional.py::TestExecutableNotionalValues::test_fillable_notional_equals_intended PASSED [ 71%]
execution_realism/tests/test_executable_notional.py::TestExecutableNotionalValues::test_partial_notional_is_fill_fraction_times_size PASSED [ 71%]
execution_realism/tests/test_executable_notional.py::TestExecutableNotionalValues::test_partial_notional_is_90pct_of_intended PASSED [ 71%]
execution_realism/tests/test_executable_notional.py::TestExecutableNotionalValues::test_unfillable_notional_is_zero PASSED [ 71%]
execution_realism/tests/test_executable_notional.py::TestExecutableNotionalValues::test_fillable_fill_fraction_is_one PASSED [ 71%]
execution_realism/tests/test_executable_notional.py::TestExecutableNotionalValues::test_partial_fill_fraction_matches_fill_sim PASSED [ 71%]
execution_realism/tests/test_executable_notional.py::TestExecutableNotionalValues::test_fillable_fill_fraction_matches_fill_sim PASSED [ 72%]
execution_realism/tests/test_executable_notional.py::TestExecutableNotionalValues::test_notional_in_diagnostics PASSED [ 72%]
execution_realism/tests/test_executable_notional.py::TestExecutableNotionalValues::test_fill_fraction_in_diagnostics PASSED [ 72%]
execution_realism/tests/test_executable_notional.py::TestExecutableNotionalScaling::test_larger_intended_size_gives_larger_notional_fillable PASSED [ 72%]
execution_realism/tests/test_executable_notional.py::TestExecutableNotionalScaling::test_partial_notional_less_than_intended PASSED [ 72%]
execution_realism/tests/test_executable_notional.py::TestExecutableNotionalScaling::test_fillable_notional_equals_intended_various_sizes PASSED [ 72%]
execution_realism/tests/test_execution_cost_model.py::TestBasicComputation::test_executable_ev_formula PASSED [ 72%]
execution_realism/tests/test_execution_cost_model.py::TestBasicComputation::test_total_friction_formula PASSED [ 72%]
execution_realism/tests/test_execution_cost_model.py::TestBasicComputation::test_theoretical_hold_ev PASSED [ 72%]
execution_realism/tests/test_execution_cost_model.py::TestFreshHighLiquiditySmallSize::test_passes_gate PASSED [ 72%]
execution_realism/tests/test_execution_cost_model.py::TestFreshHighLiquiditySmallSize::test_executable_ev_close_to_theoretical PASSED [ 73%]
execution_realism/tests/test_execution_cost_model.py::TestAgingPenalty::test_aging_zone PASSED [ 73%]
execution_realism/tests/test_execution_cost_model.py::TestAgingPenalty::test_aging_penalty_value PASSED [ 73%]
execution_realism/tests/test_execution_cost_model.py::TestAgingPenalty::test_aging_reduces_ev PASSED [ 73%]
execution_realism/tests/test_execution_cost_model.py::TestExpiredSnapshot::test_expired_zone PASSED [ 73%]
execution_realism/tests/test_execution_cost_model.py::TestExpiredSnapshot::test_expired_should_reject PASSED [ 73%]
execution_realism/tests/test_execution_cost_model.py::TestExpiredSnapshot::test_expired_passes_gate_false PASSED [ 73%]
execution_realism/tests/test_execution_cost_model.py::TestExpiredSnapshot::test_expired_ev_may_be_positive PASSED [ 73%]
execution_realism/tests/test_execution_cost_model.py::TestLowLiquidity::test_very_low_bucket PASSED [ 73%]
execution_realism/tests/test_execution_cost_model.py::TestLowLiquidity::test_high_slippage_penalty PASSED [ 73%]
execution_realism/tests/test_execution_cost_model.py::TestLowLiquidity::test_higher_total_slippage PASSED [ 73%]
execution_realism/tests/test_execution_cost_model.py::TestLargeSize::test_size_penalty_large PASSED [ 74%]
execution_realism/tests/test_execution_cost_model.py::TestLargeSize::test_size_penalty_medium PASSED [ 74%]
execution_realism/tests/test_execution_cost_model.py::TestLargeSize::test_size_penalty_small PASSED [ 74%]
execution_realism/tests/test_execution_cost_model.py::TestLargeSize::test_size_penalty_tiny PASSED [ 74%]
execution_realism/tests/test_execution_cost_model.py::TestUnfillable::test_unfillable_decision PASSED [ 74%]
execution_realism/tests/test_execution_cost_model.py::TestUnfillable::test_unfillable_passes_gate_false PASSED [ 74%]
execution_realism/tests/test_execution_cost_model.py::TestUnfillable::test_unfillable_even_with_good_ev PASSED [ 74%]
execution_realism/tests/test_execution_cost_model.py::TestHighFrictionFlipsTrade::test_high_friction_flips_trade PASSED [ 74%]
execution_realism/tests/test_execution_cost_model.py::TestHighFrictionFlipsTrade::test_friction_exceeds_theoretical PASSED [ 74%]
execution_realism/tests/test_execution_cost_model.py::TestDiagnostics::test_diagnostics_keys PASSED [ 74%]
execution_realism/tests/test_execution_cost_model.py::TestDiagnostics::test_diagnostics_values_consistent PASSED [ 75%]
execution_realism/tests/test_fill_fraction_effect.py::TestEvBeforeFillAdjustment::test_fillable_ev_before_equals_executable_ev PASSED [ 75%]
execution_realism/tests/test_fill_fraction_effect.py::TestEvBeforeFillAdjustment::test_partial_ev_before_greater_than_executable_ev PASSED [ 75%]
execution_realism/tests/test_fill_fraction_effect.py::TestEvBeforeFillAdjustment::test_partial_ev_before_minus_penalty_equals_executable_ev PASSED [ 75%]
execution_realism/tests/test_fill_fraction_effect.py::TestEvBeforeFillAdjustment::test_unfillable_ev_before_equals_executable_ev PASSED [ 75%]
execution_realism/tests/test_fill_fraction_effect.py::TestEvBeforeFillAdjustment::test_ev_before_fill_in_diagnostics PASSED [ 75%]
execution_realism/tests/test_fill_fraction_effect.py::TestEvBeforeFillAdjustment::test_ev_before_fill_computed_from_base_frictions_only PASSED [ 75%]
execution_realism/tests/test_fill_fraction_effect.py::TestEvBeforeFillAdjustment::test_fillable_ev_before_fill_computed_correctly PASSED [ 75%]
execution_realism/tests/test_fill_fraction_effect.py::TestFillFractionZone::test_fresh_snapshot_no_staleness_partial PASSED [ 75%]
execution_realism/tests/test_fill_fraction_effect.py::TestFillFractionZone::test_partial_penalty_formula_exact PASSED [ 75%]
execution_realism/tests/test_fill_fraction_effect.py::TestFillFractionZone::test_fillable_penalty_zero PASSED [ 76%]
execution_realism/tests/test_fill_fraction_effect.py::TestFillFractionZone::test_unfillable_penalty_zero PASSED [ 76%]
execution_realism/tests/test_fill_simulation.py::TestFillDecisions::test_small_size_fillable PASSED [ 76%]
execution_realism/tests/test_fill_simulation.py::TestFillDecisions::test_medium_size_partial PASSED [ 76%]
execution_realism/tests/test_fill_simulation.py::TestFillDecisions::test_large_size_unfillable PASSED [ 76%]
execution_realism/tests/test_fill_simulation.py::TestFillDecisions::test_zero_size_fillable PASSED [ 76%]
execution_realism/tests/test_fill_simulation.py::TestFillDecisions::test_zero_liquidity_unfillable PASSED [ 76%]
execution_realism/tests/test_fill_simulation.py::TestFillFractions::test_fillable_fraction_is_one PASSED [ 76%]
execution_realism/tests/test_fill_simulation.py::TestFillFractions::test_partial_fraction_is_090 PASSED [ 76%]
execution_realism/tests/test_fill_simulation.py::TestFillFractions::test_unfillable_fraction_is_zero PASSED [ 76%]
execution_realism/tests/test_fill_simulation.py::TestFillFractions::test_zero_liquidity_fraction_is_zero PASSED [ 76%]
execution_realism/tests/test_fill_simulation.py::TestEntryPrice::test_entry_price_is_ask PASSED [ 77%]
execution_realism/tests/test_fill_simulation.py::TestEntryPrice::test_partial_entry_price_is_ask PASSED [ 77%]
execution_realism/tests/test_fill_simulation.py::TestEntryPrice::test_unfillable_entry_price_is_ask PASSED [ 77%]
execution_realism/tests/test_fill_simulation.py::TestBoundaryRatios::test_exactly_25pct_is_fillable PASSED [ 77%]
execution_realism/tests/test_fill_simulation.py::TestBoundaryRatios::test_just_over_25pct_is_partial PASSED [ 77%]
execution_realism/tests/test_fill_simulation.py::TestBoundaryRatios::test_exactly_50pct_is_partial PASSED [ 77%]
execution_realism/tests/test_fill_simulation.py::TestBoundaryRatios::test_just_over_50pct_is_unfillable PASSED [ 77%]
execution_realism/tests/test_partial_fill_policy.py::TestLiveStrictPolicy::test_live_partial_passes_gate_is_false PASSED [ 77%]
execution_realism/tests/test_partial_fill_policy.py::TestLiveStrictPolicy::test_live_partial_rejects_even_with_high_ev PASSED [ 77%]
execution_realism/tests/test_partial_fill_policy.py::TestLiveStrictPolicy::test_live_fillable_gate_determined_by_ev PASSED [ 77%]
execution_realism/tests/test_partial_fill_policy.py::TestLiveStrictPolicy::test_live_unfillable_still_rejects PASSED [ 78%]
execution_realism/tests/test_partial_fill_policy.py::TestLiveStrictPolicy::test_live_partial_ev_still_computed_for_audit PASSED [ 78%]
execution_realism/tests/test_partial_fill_policy.py::TestPaperFlexiblePolicy::test_paper_partial_penalty_applied PASSED [ 78%]
execution_realism/tests/test_partial_fill_policy.py::TestPaperFlexiblePolicy::test_paper_partial_passes_when_ev_above_threshold PASSED [ 78%]
execution_realism/tests/test_partial_fill_policy.py::TestPaperFlexiblePolicy::test_paper_partial_fails_when_ev_below_threshold PASSED [ 78%]
execution_realism/tests/test_partial_fill_policy.py::TestPaperFlexiblePolicy::test_default_mode_same_as_paper PASSED [ 78%]
execution_realism/tests/test_partial_fill_policy.py::TestPolicyDivergence::test_live_rejects_partial_where_paper_passes PASSED [ 78%]
execution_realism/tests/test_partial_fill_policy.py::TestPolicyDivergence::test_fillable_live_paper_agree PASSED [ 78%]
execution_realism/tests/test_partial_fill_policy.py::TestPolicyDivergence::test_policy_mode_recorded_in_diagnostics PASSED [ 78%]
execution_realism/tests/test_phase11_partial_fill_economics.py::TestPartialFillEconomics::test_partial_gives_lower_ev_than_fillable PASSED [ 78%]
execution_realism/tests/test_phase11_partial_fill_economics.py::TestPartialFillEconomics::test_partial_penalty_is_positive PASSED [ 79%]
execution_realism/tests/test_phase11_partial_fill_economics.py::TestPartialFillEconomics::test_fillable_penalty_is_zero PASSED [ 79%]
execution_realism/tests/test_phase11_partial_fill_economics.py::TestPartialFillEconomics::test_partial_penalty_in_total_friction PASSED [ 79%]
execution_realism/tests/test_phase11_partial_fill_economics.py::TestPartialFillEconomics::test_partial_penalty_in_diagnostics PASSED [ 79%]
execution_realism/tests/test_phase11_partial_fill_economics.py::TestPartialFillEconomics::test_fillable_penalty_zero_in_diagnostics PASSED [ 79%]
execution_realism/tests/test_phase11_partial_fill_economics.py::TestPartialFillEconomics::test_unfillable_still_rejects PASSED [ 79%]
execution_realism/tests/test_phase11_partial_fill_economics.py::TestPartialFillEconomics::test_executable_ev_formula_partial PASSED [ 79%]
execution_realism/tests/test_phase11_partial_fill_economics.py::TestPartialFillEconomics::test_barely_passing_fillable_fails_as_partial PASSED [ 79%]
execution_realism/tests/test_phase11_partial_fill_economics.py::TestPartialFillMonotonicity::test_larger_size_in_partial_zone_gives_larger_penalty PASSED [ 79%]
execution_realism/tests/test_phase11_partial_fill_economics.py::TestPartialFillMonotonicity::test_fillable_to_partial_transition_causes_ev_drop PASSED [ 79%]
execution_realism/tests/test_staleness_penalty.py::TestHorizon5m::test_fresh PASSED [ 79%]
execution_realism/tests/test_staleness_penalty.py::TestHorizon5m::test_aging PASSED [ 80%]
execution_realism/tests/test_staleness_penalty.py::TestHorizon5m::test_stale PASSED [ 80%]
execution_realism/tests/test_staleness_penalty.py::TestHorizon5m::test_expired PASSED [ 80%]
execution_realism/tests/test_staleness_penalty.py::TestHorizon5m::test_at_boundary_30s_is_fresh PASSED [ 80%]
execution_realism/tests/test_staleness_penalty.py::TestHorizon5m::test_just_over_30s_is_aging PASSED [ 80%]
execution_realism/tests/test_staleness_penalty.py::TestHorizon15m::test_fresh PASSED [ 80%]
execution_realism/tests/test_staleness_penalty.py::TestHorizon15m::test_aging PASSED [ 80%]
execution_realism/tests/test_staleness_penalty.py::TestHorizon15m::test_stale PASSED [ 80%]
execution_realism/tests/test_staleness_penalty.py::TestHorizon15m::test_expired PASSED [ 80%]
execution_realism/tests/test_staleness_penalty.py::TestHorizon15m::test_at_boundary_60s_is_fresh PASSED [ 80%]
execution_realism/tests/test_staleness_penalty.py::TestHorizon15m::test_just_over_60s_is_aging PASSED [ 81%]
execution_realism/tests/test_staleness_penalty.py::TestHorizonTighterComparison::test_age_100s_5m_stale_15m_aging PASSED [ 81%]
execution_realism/tests/test_staleness_penalty.py::TestHorizonTighterComparison::test_age_30s_5m_fresh_15m_fresh PASSED [ 81%]
execution_realism/tests/test_staleness_penalty.py::TestHorizonTighterComparison::test_age_200s_5m_expired_15m_stale PASSED [ 81%]
execution_realism/tests/test_staleness_penalty.py::TestUnsupportedHorizon::test_unsupported_horizon_10 PASSED [ 81%]
execution_realism/tests/test_staleness_penalty.py::TestUnsupportedHorizon::test_unsupported_horizon_30 PASSED [ 81%]
execution_realism/tests/test_staleness_penalty.py::TestUnsupportedHorizon::test_unsupported_horizon_penalty PASSED [ 81%]
execution_realism/tests/test_staleness_penalty.py::TestAgeTracking::test_age_recorded PASSED [ 81%]
crypto_directional/tests/test_backtest.py::test_compute_metrics_required_keys PASSED [ 81%]
crypto_directional/tests/test_backtest.py::test_compute_metrics_perfect_directional PASSED [ 81%]
crypto_directional/tests/test_backtest.py::test_compute_metrics_no_trades PASSED [ 82%]
crypto_directional/tests/test_backtest.py::test_compute_metrics_expectancy_long PASSED [ 82%]
crypto_directional/tests/test_backtest.py::test_compute_metrics_expectancy_short PASSED [ 82%]
crypto_directional/tests/test_backtest.py::test_compute_metrics_n_val_bars PASSED [ 82%]
crypto_directional/tests/test_backtest.py::test_compute_metrics_rates_sum_to_one PASSED [ 82%]
crypto_directional/tests/test_backtest.py::test_aggregate_empty PASSED   [ 82%]
crypto_directional/tests/test_backtest.py::test_aggregate_sums_counts PASSED [ 82%]
crypto_directional/tests/test_backtest.py::test_aggregate_nan_ignored_in_mean PASSED [ 82%]
crypto_directional/tests/test_backtest.py::test_embargo_5m_on_5m PASSED  [ 82%]
crypto_directional/tests/test_backtest.py::test_embargo_15m_on_5m PASSED [ 82%]
crypto_directional/tests/test_backtest.py::test_embargo_1h_on_5m PASSED  [ 82%]
crypto_directional/tests/test_backtest.py::test_make_splits_count PASSED [ 83%]
crypto_directional/tests/test_backtest.py::test_make_splits_no_leakage PASSED [ 83%]
crypto_directional/tests/test_backtest.py::test_make_splits_exact_embargo_gap PASSED [ 83%]
crypto_directional/tests/test_backtest.py::test_make_splits_expanding PASSED [ 83%]
crypto_directional/tests/test_backtest.py::test_make_splits_min_train_skipped PASSED [ 83%]
crypto_directional/tests/test_backtest.py::test_wf_returns_result_type PASSED [ 83%]
crypto_directional/tests/test_backtest.py::test_wf_no_data_leakage PASSED [ 83%]
crypto_directional/tests/test_backtest.py::test_wf_embargo_respected PASSED [ 83%]
crypto_directional/tests/test_backtest.py::test_wf_oof_columns PASSED    [ 83%]
crypto_directional/tests/test_backtest.py::test_wf_summary_keys PASSED   [ 83%]
crypto_directional/tests/test_backtest.py::test_wf_missing_col_raises PASSED [ 84%]
crypto_directional/tests/test_backtest.py::test_wf_no_valid_fold_raises PASSED [ 84%]
crypto_directional/tests/test_backtest.py::test_wf_oof_time_monotone PASSED [ 84%]
crypto_directional/tests/test_features.py::test_build_features_produces_feat_columns PASSED [ 84%]
crypto_directional/tests/test_features.py::test_no_label_columns_in_output PASSED [ 84%]
crypto_directional/tests/test_features.py::test_open_time_preserved PASSED [ 84%]
crypto_directional/tests/test_features.py::test_deterministic PASSED     [ 84%]
crypto_directional/tests/test_features.py::test_row_count_preserved PASSED [ 84%]
crypto_directional/tests/test_features.py::test_all_new_cols_have_feat_prefix PASSED [ 84%]
crypto_directional/tests/test_features.py::test_validate_missing_column_raises PASSED [ 84%]
crypto_directional/tests/test_features.py::test_no_leakage_feat_return_1b PASSED [ 85%]
crypto_directional/tests/test_features.py::test_no_leakage_feat_return_20b PASSED [ 85%]
crypto_directional/tests/test_features.py::test_no_leakage_feat_rsi_14 PASSED [ 85%]
crypto_directional/tests/test_features.py::test_no_leakage_ema_cross PASSED [ 85%]
crypto_directional/tests/test_features.py::test_no_leakage_zscore_close_20 PASSED [ 85%]
crypto_directional/tests/test_features.py::test_no_leakage_realized_vol_20 PASSED [ 85%]
crypto_directional/tests/test_features.py::test_no_leakage_vol_ratio_5_20 PASSED [ 85%]
crypto_directional/tests/test_features.py::test_no_leakage_volume_ratio_20 PASSED [ 85%]
crypto_directional/tests/test_features.py::test_no_leakage_ob_imbalance_5 PASSED [ 85%]
crypto_directional/tests/test_features.py::test_no_leakage_spread_pct PASSED [ 85%]
crypto_directional/tests/test_features.py::test_rsi_warmup_nan PASSED    [ 85%]
crypto_directional/tests/test_features.py::test_zscore_warmup_nan PASSED [ 86%]
crypto_directional/tests/test_features.py::test_realized_vol_20_warmup PASSED [ 86%]
crypto_directional/tests/test_features.py::test_realized_vol_50_warmup PASSED [ 86%]
crypto_directional/tests/test_features.py::test_vol_regime_warmup PASSED [ 86%]
crypto_directional/tests/test_features.py::test_volume_ratio_20_warmup PASSED [ 86%]
crypto_directional/tests/test_features.py::test_zero_volume_taker_ratio_no_inf PASSED [ 86%]
crypto_directional/tests/test_features.py::test_equal_bid_ask_ob_imbalance_zero PASSED [ 86%]
crypto_directional/tests/test_features.py::test_missing_ob_columns_graceful PASSED [ 86%]
crypto_directional/tests/test_features.py::test_missing_funding_graceful PASSED [ 86%]
crypto_directional/tests/test_features.py::test_missing_oi_graceful PASSED [ 86%]
crypto_directional/tests/test_features.py::test_missing_btc_close_graceful PASSED [ 87%]
crypto_directional/tests/test_features.py::test_oi_change_3b_formula PASSED [ 87%]
crypto_directional/tests/test_features.py::test_liq_imbalance_formula PASSED [ 87%]
crypto_directional/tests/test_features.py::test_funding_8h_sum_5m_96bars PASSED [ 87%]
crypto_directional/tests/test_features.py::test_funding_8h_sum_15m_32bars PASSED [ 87%]
crypto_directional/tests/test_features.py::test_build_features_passes_bar_interval PASSED [ 87%]
crypto_directional/tests/test_features.py::test_get_feature_columns_enabled_only_excludes_all_nan PASSED [ 87%]
crypto_directional/tests/test_features.py::test_get_feature_columns_detects_disabled PASSED [ 87%]
crypto_directional/tests/test_features.py::test_trim_warmup_removes_leading_nan PASSED [ 87%]
crypto_directional/tests/test_features.py::test_trim_warmup_empty_feature_cols PASSED [ 87%]
crypto_directional/tests/test_labeling.py::test_bars_ahead_5m_on_5m PASSED [ 88%]
crypto_directional/tests/test_labeling.py::test_bars_ahead_15m_on_5m PASSED [ 88%]
crypto_directional/tests/test_labeling.py::test_bars_ahead_1h_on_5m PASSED [ 88%]
crypto_directional/tests/test_labeling.py::test_bars_ahead_15m_on_15m PASSED [ 88%]
crypto_directional/tests/test_labeling.py::test_bars_ahead_invalid_division PASSED [ 88%]
crypto_directional/tests/test_labeling.py::test_bars_ahead_unknown_horizon PASSED [ 88%]
crypto_directional/tests/test_labeling.py::test_output_columns_present PASSED [ 88%]
crypto_directional/tests/test_labeling.py::test_both_horizons_columns PASSED [ 88%]
crypto_directional/tests/test_labeling.py::test_row_count_preserved PASSED [ 88%]
crypto_directional/tests/test_labeling.py::test_mid_price_t_equals_input PASSED [ 88%]
crypto_directional/tests/test_labeling.py::test_no_feat_columns_in_output PASSED [ 88%]
crypto_directional/tests/test_labeling.py::test_open_time_preserved PASSED [ 89%]
crypto_directional/tests/test_labeling.py::test_last_bar_nodata_5m PASSED [ 89%]
crypto_directional/tests/test_labeling.py::test_last_3_bars_nodata_15m PASSED [ 89%]
crypto_directional/tests/test_labeling.py::test_second_to_last_not_nodata_5m PASSED [ 89%]
crypto_directional/tests/test_labeling.py::test_up_label PASSED          [ 89%]
crypto_directional/tests/test_labeling.py::test_down_label PASSED        [ 89%]
crypto_directional/tests/test_labeling.py::test_notrade_just_below_threshold PASSED [ 89%]
crypto_directional/tests/test_labeling.py::test_notrade_zero_return PASSED [ 89%]
crypto_directional/tests/test_labeling.py::test_notrade_small_positive PASSED [ 89%]
crypto_directional/tests/test_labeling.py::test_threshold_from_config PASSED [ 89%]
crypto_directional/tests/test_labeling.py::test_future_return_formula PASSED [ 90%]
crypto_directional/tests/test_labeling.py::test_no_leakage_label_t_unaffected_by_t2 PASSED [ 90%]
crypto_directional/tests/test_labeling.py::test_no_leakage_15m_label_unaffected_by_t4 PASSED [ 90%]
crypto_directional/tests/test_labeling.py::test_missing_mid_price_raises PASSED [ 90%]
crypto_directional/tests/test_labeling.py::test_empty_df_raises PASSED   [ 90%]
crypto_directional/tests/test_labeling.py::test_unsorted_open_time_raises PASSED [ 90%]
crypto_directional/tests/test_labeling.py::test_duplicate_open_time_raises PASSED [ 90%]
crypto_directional/tests/test_labeling.py::test_strict_interval_raises_on_gap PASSED [ 90%]
crypto_directional/tests/test_labeling.py::test_strict_interval_passes_on_regular PASSED [ 90%]
crypto_directional/tests/test_labeling.py::test_gap_emits_warning PASSED [ 90%]
crypto_directional/tests/test_models.py::test_lr_name PASSED             [ 91%]
crypto_directional/tests/test_models.py::test_lr_fit_predict PASSED      [ 91%]
crypto_directional/tests/test_models.py::test_lr_predict_proba_shape PASSED [ 91%]
crypto_directional/tests/test_models.py::test_lr_classes_ PASSED         [ 91%]
crypto_directional/tests/test_models.py::test_rf_name PASSED             [ 91%]
crypto_directional/tests/test_models.py::test_rf_fit_predict PASSED      [ 91%]
crypto_directional/tests/test_models.py::test_rf_predict_proba_shape PASSED [ 91%]
crypto_directional/tests/test_models.py::test_rf_classes_ PASSED         [ 91%]
crypto_directional/tests/test_models.py::test_lgbm_fit_predict SKIPPED   [ 91%]
crypto_directional/tests/test_models.py::test_lgbm_proba_shape SKIPPED   [ 91%]
crypto_directional/tests/test_models.py::test_get_model_lr PASSED        [ 91%]
crypto_directional/tests/test_models.py::test_get_model_rf PASSED        [ 92%]
crypto_directional/tests/test_models.py::test_get_model_unknown_raises PASSED [ 92%]
crypto_directional/tests/test_models.py::test_filter_low_confidence_becomes_notrade PASSED [ 92%]
crypto_directional/tests/test_models.py::test_filter_all_pass PASSED     [ 92%]
crypto_directional/tests/test_models.py::test_filter_zero_threshold_keeps_all PASSED [ 92%]
crypto_directional/tests/test_models.py::test_filter_output_dtype_str PASSED [ 92%]
signal_bridge/tests/test_market_mapping.py::TestMatchAsset::test_btc_match PASSED [ 92%]
signal_bridge/tests/test_market_mapping.py::TestMatchAsset::test_btc_keyword_btc PASSED [ 92%]
signal_bridge/tests/test_market_mapping.py::TestMatchAsset::test_eth_match PASSED [ 92%]
signal_bridge/tests/test_market_mapping.py::TestMatchAsset::test_case_insensitive PASSED [ 92%]
signal_bridge/tests/test_market_mapping.py::TestMatchAsset::test_wrong_asset_returns_none PASSED [ 93%]
signal_bridge/tests/test_market_mapping.py::TestMatchAsset::test_ambiguous_two_assets_returns_none PASSED [ 93%]
signal_bridge/tests/test_market_mapping.py::TestMatchAsset::test_unknown_asset_keyword_fallback PASSED [ 93%]
signal_bridge/tests/test_market_mapping.py::TestMatchAsset::test_no_keyword_returns_none PASSED [ 93%]
signal_bridge/tests/test_market_mapping.py::TestMatchAsset::test_sol_match PASSED [ 93%]
signal_bridge/tests/test_market_mapping.py::TestMatchAsset::test_xrp_ripple_match PASSED [ 93%]
signal_bridge/tests/test_market_mapping.py::TestDetectPolarity::test_up_or_down_normal PASSED [ 93%]
signal_bridge/tests/test_market_mapping.py::TestDetectPolarity::test_up_or_down_case_insensitive PASSED [ 93%]
signal_bridge/tests/test_market_mapping.py::TestDetectPolarity::test_above_normal PASSED [ 93%]
signal_bridge/tests/test_market_mapping.py::TestDetectPolarity::test_higher_normal PASSED [ 93%]
signal_bridge/tests/test_market_mapping.py::TestDetectPolarity::test_below_inverted PASSED [ 94%]
signal_bridge/tests/test_market_mapping.py::TestDetectPolarity::test_drop_inverted PASSED [ 94%]
signal_bridge/tests/test_market_mapping.py::TestDetectPolarity::test_both_keywords_ambiguous PASSED [ 94%]
signal_bridge/tests/test_market_mapping.py::TestDetectPolarity::test_no_keyword_ambiguous PASSED [ 94%]
signal_bridge/tests/test_market_mapping.py::TestDetectPolarity::test_up_or_down_overrides_below PASSED [ 94%]
signal_bridge/tests/test_market_mapping.py::TestDetectPolarity::test_rise_normal PASSED [ 94%]
signal_bridge/tests/test_market_mapping.py::TestDetectPolarity::test_decline_inverted PASSED [ 94%]
signal_bridge/tests/test_market_mapping.py::TestCheckTiming::test_within_window_15m PASSED [ 94%]
signal_bridge/tests/test_market_mapping.py::TestCheckTiming::test_too_close_15m PASSED [ 94%]
signal_bridge/tests/test_market_mapping.py::TestCheckTiming::test_too_far_15m PASSED [ 94%]
signal_bridge/tests/test_market_mapping.py::TestCheckTiming::test_within_window_5m PASSED [ 94%]
signal_bridge/tests/test_market_mapping.py::TestCheckTiming::test_too_close_5m PASSED [ 95%]
signal_bridge/tests/test_market_mapping.py::TestCheckTiming::test_too_far_5m PASSED [ 95%]
signal_bridge/tests/test_market_mapping.py::TestCheckTiming::test_unknown_horizon_rejects PASSED [ 95%]
signal_bridge/tests/test_market_mapping.py::TestCheckTiming::test_exact_min_boundary PASSED [ 95%]
signal_bridge/tests/test_market_mapping.py::TestCheckTiming::test_exact_max_boundary PASSED [ 95%]
signal_bridge/tests/test_market_mapping.py::TestTimingScore::test_midpoint_scores_one PASSED [ 95%]
signal_bridge/tests/test_market_mapping.py::TestTimingScore::test_boundary_scores_zero PASSED [ 95%]
signal_bridge/tests/test_market_mapping.py::TestTimingScore::test_score_between_zero_one PASSED [ 95%]
signal_bridge/tests/test_market_mapping.py::TestTimingScore::test_unknown_horizon_returns_half PASSED [ 95%]
signal_bridge/tests/test_market_mapping.py::TestMatchMarkets::test_valid_candidate_first PASSED [ 95%]
signal_bridge/tests/test_market_mapping.py::TestMatchMarkets::test_inactive_market_rejected PASSED [ 96%]
signal_bridge/tests/test_market_mapping.py::TestMatchMarkets::test_asset_mismatch_rejected PASSED [ 96%]
signal_bridge/tests/test_market_mapping.py::TestMatchMarkets::test_timing_too_far_rejected PASSED [ 96%]
signal_bridge/tests/test_market_mapping.py::TestMatchMarkets::test_ambiguous_wording_rejected PASSED [ 96%]
signal_bridge/tests/test_market_mapping.py::TestMatchMarkets::test_valid_sorted_by_score_desc PASSED [ 96%]
signal_bridge/tests/test_market_mapping.py::TestMatchMarkets::test_empty_candidates PASSED [ 96%]
signal_bridge/tests/test_market_mapping.py::TestMatchMarkets::test_now_utc_defaults PASSED [ 96%]
signal_bridge/tests/test_market_mapping.py::TestBestMatch::test_returns_best_valid PASSED [ 96%]
signal_bridge/tests/test_market_mapping.py::TestBestMatch::test_returns_none_when_no_valid PASSED [ 96%]
signal_bridge/tests/test_market_mapping.py::TestBestMatch::test_returns_none_on_empty PASSED [ 96%]
signal_bridge/tests/test_signal_bridge.py::TestRouteDirectionMapping::test_up_normal_yields_yes PASSED [ 97%]
signal_bridge/tests/test_signal_bridge.py::TestRouteDirectionMapping::test_up_inverted_yields_no PASSED [ 97%]
signal_bridge/tests/test_signal_bridge.py::TestRouteDirectionMapping::test_down_normal_yields_no PASSED [ 97%]
signal_bridge/tests/test_signal_bridge.py::TestRouteDirectionMapping::test_down_inverted_yields_yes PASSED [ 97%]
signal_bridge/tests/test_signal_bridge.py::TestRouteTokenId::test_yes_side_uses_yes_token PASSED [ 97%]
signal_bridge/tests/test_signal_bridge.py::TestRouteTokenId::test_no_side_uses_no_token PASSED [ 97%]
signal_bridge/tests/test_signal_bridge.py::TestRouteTokenId::test_yes_ask_price_set PASSED [ 97%]
signal_bridge/tests/test_signal_bridge.py::TestRouteTokenId::test_no_ask_price_set PASSED [ 97%]
signal_bridge/tests/test_signal_bridge.py::TestRouteRejections::test_no_trade_signal_rejected PASSED [ 97%]
signal_bridge/tests/test_signal_bridge.py::TestRouteRejections::test_rejected_match_propagates PASSED [ 97%]
signal_bridge/tests/test_signal_bridge.py::TestRouteRejections::test_ambiguous_polarity_rejected PASSED [ 97%]
signal_bridge/tests/test_signal_bridge.py::TestRouteRejections::test_market_id_preserved_on_reject PASSED [ 98%]
signal_bridge/tests/test_signal_bridge.py::TestRouteRejections::test_confidence_preserved PASSED [ 98%]
signal_bridge/tests/test_signal_bridge.py::TestRouteRationale::test_rationale_contains_direction PASSED [ 98%]
signal_bridge/tests/test_signal_bridge.py::TestRouteRationale::test_rationale_contains_polarity PASSED [ 98%]
signal_bridge/tests/test_signal_bridge.py::TestRouteRationale::test_rationale_contains_yes_or_no PASSED [ 98%]
signal_bridge/tests/test_signal_bridge.py::TestApplyFilters::test_all_pass_returns_yes PASSED [ 98%]
signal_bridge/tests/test_signal_bridge.py::TestApplyFilters::test_all_pass_edge_computed PASSED [ 98%]
signal_bridge/tests/test_signal_bridge.py::TestApplyFilters::test_low_confidence_rejected PASSED [ 98%]
signal_bridge/tests/test_signal_bridge.py::TestApplyFilters::test_low_liquidity_rejected PASSED [ 98%]
signal_bridge/tests/test_signal_bridge.py::TestApplyFilters::test_high_spread_yes_side_rejected PASSED [ 98%]
signal_bridge/tests/test_signal_bridge.py::TestApplyFilters::test_high_spread_no_side_rejected PASSED [ 99%]
signal_bridge/tests/test_signal_bridge.py::TestApplyFilters::test_yes_spread_ok_no_spread_ok_passes PASSED [ 99%]
signal_bridge/tests/test_signal_bridge.py::TestApplyFilters::test_negative_edge_rejected PASSED [ 99%]
signal_bridge/tests/test_signal_bridge.py::TestApplyFilters::test_already_rejected_intent_passes_through PASSED [ 99%]
signal_bridge/tests/test_signal_bridge.py::TestApplyFilters::test_confidence_boundary_exact_min_passes PASSED [ 99%]
signal_bridge/tests/test_signal_bridge.py::TestApplyFilters::test_rationale_updated_on_pass PASSED [ 99%]
signal_bridge/tests/test_signal_bridge.py::TestEndToEndBridge::test_full_pipeline_up_normal_to_yes PASSED [ 99%]
signal_bridge/tests/test_signal_bridge.py::TestEndToEndBridge::test_full_pipeline_down_normal_to_no PASSED [ 99%]
signal_bridge/tests/test_signal_bridge.py::TestEndToEndBridge::test_full_pipeline_no_trade_rejects PASSED [ 99%]
signal_bridge/tests/test_signal_bridge.py::TestEndToEndBridge::test_full_pipeline_no_candidate_returns_none PASSED [ 99%]
signal_bridge/tests/test_signal_bridge.py::TestEndToEndBridge::test_eth_signal_matches_eth_market PASSED [100%]

============================== warnings summary ===============================
crypto_directional/tests/test_labeling.py::test_strict_interval_raises_on_gap
  C:\Users\lcladm\.antigravity\Polymarket\.venv\Lib\site-packages\_pytest\python.py:166: UserWarning: label_generator: 1 adet gap tespit edildi (beklenen=300000ms, bar_interval='5m'). Eksik barlar shift(-n) horizon hesab�n� etkileyebilir.
    result = testfunction(**testargs)

-- Docs: https://docs.pytest.org/en/stable/how-to/capture-warnings.html
================= 1031 passed, 3 skipped, 1 warning in 6.56s ==================
